Component: ARM Compiler 5.06 update 7 (build 960) Tool: armlink [4d3601]

==============================================================================

Section Cross References

    startup_stm32f10x_hd.o(RESET) refers to startup_stm32f10x_hd.o(STACK) for __initial_sp
    startup_stm32f10x_hd.o(RESET) refers to startup_stm32f10x_hd.o(.text) for Reset_Handler
    startup_stm32f10x_hd.o(RESET) refers to stm32f10x_it.o(i.NMI_Handler) for NMI_Handler
    startup_stm32f10x_hd.o(RESET) refers to stm32f10x_it.o(i.HardFault_Handler) for HardFault_Handler
    startup_stm32f10x_hd.o(RESET) refers to stm32f10x_it.o(i.MemManage_Handler) for MemManage_Handler
    startup_stm32f10x_hd.o(RESET) refers to stm32f10x_it.o(i.BusFault_Handler) for BusFault_Handler
    startup_stm32f10x_hd.o(RESET) refers to stm32f10x_it.o(i.UsageFault_Handler) for UsageFault_Handler
    startup_stm32f10x_hd.o(RESET) refers to port.o(.emb_text) for SVC_Handler
    startup_stm32f10x_hd.o(RESET) refers to stm32f10x_it.o(i.DebugMon_Handler) for DebugMon_Handler
    startup_stm32f10x_hd.o(RESET) refers to port.o(i.SysTick_Handler) for SysTick_Handler
    startup_stm32f10x_hd.o(RESET) refers to mycan.o(i.USB_LP_CAN1_RX0_IRQHandler) for USB_LP_CAN1_RX0_IRQHandler
    startup_stm32f10x_hd.o(.text) refers to system_stm32f10x.o(i.SystemInit) for SystemInit
    startup_stm32f10x_hd.o(.text) refers to entry.o(.ARM.Collect$$$$00000000) for __main
    main.o(i.main) refers to tasks.o(i.xTaskCreate) for xTaskCreate
    main.o(i.main) refers to tasks.o(i.vTaskStartScheduler) for vTaskStartScheduler
    main.o(i.main) refers to start_task.o(i.start_task) for start_task
    system_stm32f10x.o(i.SetSysClock) refers to system_stm32f10x.o(i.SetSysClockTo72) for SetSysClockTo72
    system_stm32f10x.o(i.SystemCoreClockUpdate) refers to system_stm32f10x.o(.data) for SystemCoreClock
    system_stm32f10x.o(i.SystemInit) refers to system_stm32f10x.o(i.SetSysClock) for SetSysClock
    stm32f10x_adc.o(i.ADC_DeInit) refers to stm32f10x_rcc.o(i.RCC_APB2PeriphResetCmd) for RCC_APB2PeriphResetCmd
    stm32f10x_bkp.o(i.BKP_DeInit) refers to stm32f10x_rcc.o(i.RCC_BackupResetCmd) for RCC_BackupResetCmd
    stm32f10x_can.o(i.CAN_DeInit) refers to stm32f10x_rcc.o(i.RCC_APB1PeriphResetCmd) for RCC_APB1PeriphResetCmd
    stm32f10x_can.o(i.CAN_GetITStatus) refers to stm32f10x_can.o(i.CheckITStatus) for CheckITStatus
    stm32f10x_cec.o(i.CEC_DeInit) refers to stm32f10x_rcc.o(i.RCC_APB1PeriphResetCmd) for RCC_APB1PeriphResetCmd
    stm32f10x_dac.o(i.DAC_DeInit) refers to stm32f10x_rcc.o(i.RCC_APB1PeriphResetCmd) for RCC_APB1PeriphResetCmd
    stm32f10x_gpio.o(i.GPIO_AFIODeInit) refers to stm32f10x_rcc.o(i.RCC_APB2PeriphResetCmd) for RCC_APB2PeriphResetCmd
    stm32f10x_gpio.o(i.GPIO_DeInit) refers to stm32f10x_rcc.o(i.RCC_APB2PeriphResetCmd) for RCC_APB2PeriphResetCmd
    stm32f10x_i2c.o(i.I2C_DeInit) refers to stm32f10x_rcc.o(i.RCC_APB1PeriphResetCmd) for RCC_APB1PeriphResetCmd
    stm32f10x_i2c.o(i.I2C_Init) refers to stm32f10x_rcc.o(i.RCC_GetClocksFreq) for RCC_GetClocksFreq
    stm32f10x_pwr.o(i.PWR_DeInit) refers to stm32f10x_rcc.o(i.RCC_APB1PeriphResetCmd) for RCC_APB1PeriphResetCmd
    stm32f10x_rcc.o(i.RCC_GetClocksFreq) refers to stm32f10x_rcc.o(.data) for APBAHBPrescTable
    stm32f10x_rcc.o(i.RCC_WaitForHSEStartUp) refers to stm32f10x_rcc.o(i.RCC_GetFlagStatus) for RCC_GetFlagStatus
    stm32f10x_rtc.o(i.RTC_SetAlarm) refers to stm32f10x_rtc.o(i.RTC_EnterConfigMode) for RTC_EnterConfigMode
    stm32f10x_rtc.o(i.RTC_SetAlarm) refers to stm32f10x_rtc.o(i.RTC_ExitConfigMode) for RTC_ExitConfigMode
    stm32f10x_rtc.o(i.RTC_SetCounter) refers to stm32f10x_rtc.o(i.RTC_EnterConfigMode) for RTC_EnterConfigMode
    stm32f10x_rtc.o(i.RTC_SetCounter) refers to stm32f10x_rtc.o(i.RTC_ExitConfigMode) for RTC_ExitConfigMode
    stm32f10x_rtc.o(i.RTC_SetPrescaler) refers to stm32f10x_rtc.o(i.RTC_EnterConfigMode) for RTC_EnterConfigMode
    stm32f10x_rtc.o(i.RTC_SetPrescaler) refers to stm32f10x_rtc.o(i.RTC_ExitConfigMode) for RTC_ExitConfigMode
    stm32f10x_spi.o(i.I2S_Init) refers to stm32f10x_rcc.o(i.RCC_GetClocksFreq) for RCC_GetClocksFreq
    stm32f10x_spi.o(i.SPI_I2S_DeInit) refers to stm32f10x_rcc.o(i.RCC_APB2PeriphResetCmd) for RCC_APB2PeriphResetCmd
    stm32f10x_spi.o(i.SPI_I2S_DeInit) refers to stm32f10x_rcc.o(i.RCC_APB1PeriphResetCmd) for RCC_APB1PeriphResetCmd
    stm32f10x_tim.o(i.TIM_DeInit) refers to stm32f10x_rcc.o(i.RCC_APB2PeriphResetCmd) for RCC_APB2PeriphResetCmd
    stm32f10x_tim.o(i.TIM_DeInit) refers to stm32f10x_rcc.o(i.RCC_APB1PeriphResetCmd) for RCC_APB1PeriphResetCmd
    stm32f10x_tim.o(i.TIM_ETRClockMode1Config) refers to stm32f10x_tim.o(i.TIM_ETRConfig) for TIM_ETRConfig
    stm32f10x_tim.o(i.TIM_ETRClockMode2Config) refers to stm32f10x_tim.o(i.TIM_ETRConfig) for TIM_ETRConfig
    stm32f10x_tim.o(i.TIM_ICInit) refers to stm32f10x_tim.o(i.TI1_Config) for TI1_Config
[...]
    ../clib/scanf.c                          0x00000000   Number         0  _chval.o ABSOLUTE
    ../clib/scanf.c                          0x00000000   Number         0  _strtoul.o ABSOLUTE
    ../clib/scanf.c                          0x00000000   Number         0  strtol.o ABSOLUTE
    ../clib/scanf.c                          0x00000000   Number         0  atoi.o ABSOLUTE
    ../fplib/microlib/f2d.c                  0x00000000   Number         0  f2d.o ABSOLUTE
    ../fplib/microlib/fpadd.c                0x00000000   Number         0  dadd.o ABSOLUTE
    ../fplib/microlib/fpadd.c                0x00000000   Number         0  fadd.o ABSOLUTE
    ../fplib/microlib/fpdiv.c                0x00000000   Number         0  ddiv.o ABSOLUTE
    ../fplib/microlib/fpdiv.c                0x00000000   Number         0  fdiv.o ABSOLUTE
    ../fplib/microlib/fpepilogue.c           0x00000000   Number         0  depilogue.o ABSOLUTE
    ../fplib/microlib/fpepilogue.c           0x00000000   Number         0  fepilogue.o ABSOLUTE
    ../fplib/microlib/fpfix.c                0x00000000   Number         0  dfixul.o ABSOLUTE
    ../fplib/microlib/fpflt.c                0x00000000   Number         0  ffltui.o ABSOLUTE
    ../fplib/microlib/fpmul.c                0x00000000   Number         0  dmul.o ABSOLUTE
    ../fplib/microlib/fpmul.c                0x00000000   Number         0  fmul.o ABSOLUTE
    ..\BSP\CAN_Tp.c                          0x00000000   Number         0  can_tp.o ABSOLUTE
    ..\BSP\MyCan.c                           0x00000000   Number         0  mycan.o ABSOLUTE
    ..\BSP\Serial.c                          0x00000000   Number         0  serial.o ABSOLUTE
    ..\BSP\adc.c                             0x00000000   Number         0  adc.o ABSOLUTE
    ..\BSP\crc.c                             0x00000000   Number         0  crc.o ABSOLUTE
    ..\BSP\flash.c                           0x00000000   Number         0  flash.o ABSOLUTE
    ..\BSP\iwdg.c                            0x00000000   Number         0  iwdg.o ABSOLUTE
    ..\BSP\key.c                             0x00000000   Number         0  key.o ABSOLUTE
    ..\BSP\led.c                             0x00000000   Number         0  led.o ABSOLUTE
    ..\BSP\ota.c                             0x00000000   Number         0  ota.o ABSOLUTE
    ..\BSP\ota_cfg.c                         0x00000000   Number         0  ota_cfg.o ABSOLUTE
    ..\BSP\start_task.c                      0x00000000   Number         0  start_task.o ABSOLUTE
    ..\BSP\user_Ymodem.c                     0x00000000   Number         0  user_ymodem.o ABSOLUTE
    ..\BSP\user_flash.c                      0x00000000   Number         0  user_flash.o ABSOLUTE
    ..\BSP\user_ledtask.c                    0x00000000   Number         0  user_ledtask.o ABSOLUTE
    ..\BSP\user_task1.c                      0x00000000   Number         0  user_task1.o ABSOLUTE
    ..\BSP\user_task2.c                      0x00000000   Number         0  user_task2.o ABSOLUTE
    ..\BSP\user_temp.c                       0x00000000   Number         0  user_temp.o ABSOLUTE
    ..\BSP\ymodem.c                          0x00000000   Number         0  ymodem.o ABSOLUTE
    ..\FreeRTOS\croutine.c                   0x00000000   Number         0  croutine.o ABSOLUTE
    ..\FreeRTOS\event_groups.c               0x00000000   Number         0  event_groups.o ABSOLUTE
    ..\FreeRTOS\list.c                       0x00000000   Number         0  list.o ABSOLUTE
    ..\FreeRTOS\portable\MemMang\heap_4.c    0x00000000   Number         0  heap_4.o ABSOLUTE
    ..\FreeRTOS\portable\RVDS\ARM_CM3\port.c 0x00000000   Number         0  port.o ABSOLUTE
    ..\FreeRTOS\queue.c                      0x00000000   Number         0  queue.o ABSOLUTE
    ..\FreeRTOS\stream_buffer.c              0x00000000   Number         0  stream_buffer.o ABSOLUTE
    ..\FreeRTOS\tasks.c                      0x00000000   Number         0  tasks.o ABSOLUTE
    ..\FreeRTOS\timers.c                     0x00000000   Number         0  timers.o ABSOLUTE
    ..\Libraries\CMSIS\core_cm3.c            0x00000000   Number         0  core_cm3.o ABSOLUTE
    ..\Libraries\CMSIS\startup\startup_stm32f10x_hd.s 0x00000000   Number         0  startup_stm32f10x_hd.o ABSOLUTE
    ..\Libraries\CMSIS\system_stm32f10x.c    0x00000000   Number         0  system_stm32f10x.o ABSOLUTE
    ..\Libraries\STM32F10x_StdPeriph_Driver\src\misc.c 0x00000000   Number         0  misc.o ABSOLUTE
    ..\Libraries\STM32F10x_StdPeriph_Driver\src\stm32f10x_adc.c 0x00000000   Number         0  stm32f10x_adc.o ABSOLUTE
    ..\Libraries\STM32F10x_StdPeriph_Driver\src\stm32f10x_bkp.c 0x00000000   Number         0  stm32f10x_bkp.o ABSOLUTE
    ..\Libraries\STM32F10x_StdPeriph_Driver\src\stm32f10x_can.c 0x00000000   Number         0  stm32f10x_can.o ABSOLUTE
    ..\Libraries\STM32F10x_StdPeriph_Driver\src\stm32f10x_cec.c 0x00000000   Number         0  stm32f10x_cec.o ABSOLUTE
    ..\Libraries\STM32F10x_StdPeriph_Driver\src\stm32f10x_crc.c 0x00000000   Number         0  stm32f10x_crc.o ABSOLUTE
    ..\Libraries\STM32F10x_StdPeriph_Driver\src\stm32f10x_dac.c 0x00000000   Number         0  stm32f10x_dac.o ABSOLUTE
    ..\Libraries\STM32F10x_StdPeriph_Driver\src\stm32f10x_dma.c 0x00000000   Number         0  stm32f10x_dma.o ABSOLUTE
    ..\Libraries\STM32F10x_StdPeriph_Driver\src\stm32f10x_exti.c 0x00000000   Number         0  stm32f10x_exti.o ABSOLUTE
    ..\Libraries\STM32F10x_StdPeriph_Driver\src\stm32f10x_fsmc.c 0x00000000   Number         0  stm32f10x_fsmc.o ABSOLUTE
    ..\Libraries\STM32F10x_StdPeriph_Driver\src\stm32f10x_gpio.c 0x00000000   Number         0  stm32f10x_gpio.o ABSOLUTE
    ..\Libraries\STM32F10x_StdPeriph_Driver\src\stm32f10x_i2c.c 0x00000000   Number         0  stm32f10x_i2c.o ABSOLUTE
    ..\Libraries\STM32F10x_StdPeriph_Driver\src\stm32f10x_iwdg.c 0x00000000   Number         0  stm32f10x_iwdg.o ABSOLUTE
    ..\Libraries\STM32F10x_StdPeriph_Driver\src\stm32f10x_pwr.c 0x00000000   Number         0  stm32f10x_pwr.o ABSOLUTE
    ..\Libraries\STM32F10x_StdPeriph_Driver\src\stm32f10x_rcc.c 0x00000000   Number         0  stm32f10x_rcc.o ABSOLUTE
    ..\Libraries\STM32F10x_StdPeriph_Driver\src\stm32f10x_rtc.c 0x00000000   Number         0  stm32f10x_rtc.o ABSOLUTE
    ..\Libraries\STM32F10x_StdPeriph_Driver\src\stm32f10x_spi.c 0x00000000   Number         0  stm32f10x_spi.o ABSOLUTE
    ..\Libraries\STM32F10x_StdPeriph_Driver\src\stm32f10x_tim.c 0x00000000   Number         0  stm32f10x_tim.o ABSOLUTE
    ..\Libraries\STM32F10x_StdPeriph_Driver\src\stm32f10x_usart.c 0x00000000   Number         0  stm32f10x_usart.o ABSOLUTE
    ..\Libraries\STM32F10x_StdPeriph_Driver\src\stm32f10x_wwdg.c 0x00000000   Number         0  stm32f10x_wwdg.o ABSOLUTE
    ..\System\Delay.c                        0x00000000   Number         0  delay.o ABSOLUTE
    ..\System\sys.c                          0x00000000   Number         0  sys.o ABSOLUTE
    ..\User\main.c                           0x00000000   Number         0  main.o ABSOLUTE
    ..\User\stm32f10x_it.c                   0x00000000   Number         0  stm32f10x_it.o ABSOLUTE
    ..\\FreeRTOS\\portable\\RVDS\\ARM_CM3\\port.c 0x00000000   Number         0  port.o ABSOLUTE
    ..\\Libraries\\CMSIS\\core_cm3.c         0x00000000   Number         0  core_cm3.o ABSOLUTE
    ..\\System\\sys.c                        0x00000000   Number         0  sys.o ABSOLUTE
    cdrcmple.s                               0x00000000   Number         0  cdrcmple.o ABSOLUTE
    dc.s                                     0x00000000   Number         0  dc.o ABSOLUTE
    handlers.s                               0x00000000   Number         0  handlers.o ABSOLUTE
    init.s                                   0x00000000   Number         0  init.o ABSOLUTE
    RESET                                    0x08005000   Section      304  startup_stm32f10x_hd.o(RESET)
    .ARM.Collect$$$$00000000                 0x08005130   Section        0  entry.o(.ARM.Collect$$$$00000000)
    .ARM.Collect$$$$00000001                 0x08005130   Section        4  entry2.o(.ARM.Collect$$$$00000001)
    .ARM.Collect$$$$00000004                 0x08005134   Section        4  entry5.o(.ARM.Collect$$$$00000004)
    .ARM.Collect$$$$00000008                 0x08005138   Section        0  entry7b.o(.ARM.Collect$$$$00000008)
    .ARM.Collect$$$$0000000A                 0x08005138   Section        0  entry8b.o(.ARM.Collect$$$$0000000A)
    .ARM.Collect$$$$0000000B                 0x08005138   Section        8  entry9a.o(.ARM.Collect$$$$0000000B)
    .ARM.Collect$$$$0000000E                 0x08005140   Section        4  entry12b.o(.ARM.Collect$$$$0000000E)
    .ARM.Collect$$$$0000000F                 0x08005144   Section        0  entry10a.o(.ARM.Collect$$$$0000000F)
    .ARM.Collect$$$$00000011                 0x08005144   Section        0  entry11a.o(.ARM.Collect$$$$00000011)
    .ARM.Collect$$$$00002712                 0x08005144   Section        4  entry2.o(.ARM.Collect$$$$00002712)
    __lit__00000000                          0x08005144   Data           4  entry2.o(.ARM.Collect$$$$00002712)
    .emb_text                                0x08005148   Section      150  port.o(.emb_text)
    .text                                    0x080051e0   Section       36  startup_stm32f10x_hd.o(.text)
    .text                                    0x08005204   Section        0  memcpya.o(.text)
    .text                                    0x08005228   Section        0  memseta.o(.text)
    .text                                    0x0800524c   Section        0  fadd.o(.text)
    .text                                    0x080052fc   Section        0  fmul.o(.text)
    .text                                    0x08005360   Section        0  fdiv.o(.text)
    .text                                    0x080053dc   Section        0  ffltui.o(.text)
    .text                                    0x080053e6   Section        0  f2d.o(.text)
    .text                                    0x0800540c   Section        0  uidiv.o(.text)
    .text                                    0x08005438   Section        0  uldiv.o(.text)
    .text                                    0x0800549a   Section        0  fepilogue.o(.text)
    .text                                    0x0800549a   Section        0  iusefp.o(.text)
    .text                                    0x08005508   Section        0  dadd.o(.text)
    .text                                    0x08005656   Section        0  dmul.o(.text)
    .text                                    0x0800573a   Section        0  ddiv.o(.text)
    .text                                    0x08005818   Section        0  dfixul.o(.text)
    .text                                    0x08005848   Section       48  cdrcmple.o(.text)
    .text                                    0x08005878   Section       36  init.o(.text)
    .text                                    0x0800589c   Section        0  llshl.o(.text)
    .text                                    0x080058ba   Section        0  llushr.o(.text)
    .text                                    0x080058da   Section        0  llsshr.o(.text)
    .text                                    0x080058fe   Section        0  depilogue.o(.text)
    i.ADC_Cmd                                0x080059b8   Section        0  stm32f10x_adc.o(i.ADC_Cmd)
    i.ADC_DMACmd                             0x080059ce   Section        0  stm32f10x_adc.o(i.ADC_DMACmd)
    i.ADC_GetCalibrationStatus               0x080059e4   Section        0  stm32f10x_adc.o(i.ADC_GetCalibrationStatus)
    i.ADC_GetResetCalibrationStatus          0x080059f8   Section        0  stm32f10x_adc.o(i.ADC_GetResetCalibrationStatus)
    i.ADC_Init                               0x08005a0c   Section        0  stm32f10x_adc.o(i.ADC_Init)
    i.ADC_RegularChannelConfig               0x08005a5c   Section        0  stm32f10x_adc.o(i.ADC_RegularChannelConfig)
    i.ADC_ResetCalibration                   0x08005b14   Section        0  stm32f10x_adc.o(i.ADC_ResetCalibration)
    i.ADC_SoftwareStartConvCmd               0x08005b1e   Section        0  stm32f10x_adc.o(i.ADC_SoftwareStartConvCmd)
    i.ADC_StartCalibration                   0x08005b34   Section        0  stm32f10x_adc.o(i.ADC_StartCalibration)
    i.ADC_TempSensorVrefintCmd               0x08005b40   Section        0  stm32f10x_adc.o(i.ADC_TempSensorVrefintCmd)
    i.BusFault_Handler                       0x08005b64   Section        0  stm32f10x_it.o(i.BusFault_Handler)
    i.CAN_FilterInit                         0x08005b68   Section        0  stm32f10x_can.o(i.CAN_FilterInit)
    i.CAN_GetITStatus                        0x08005c70   Section        0  stm32f10x_can.o(i.CAN_GetITStatus)
    i.CAN_ITConfig                           0x08005d90   Section        0  stm32f10x_can.o(i.CAN_ITConfig)
    i.CAN_Init                               0x08005da2   Section        0  stm32f10x_can.o(i.CAN_Init)
    i.CAN_MessagePending                     0x08005eb6   Section        0  stm32f10x_can.o(i.CAN_MessagePending)
    i.CAN_Receive                            0x08005ed4   Section        0  stm32f10x_can.o(i.CAN_Receive)
    i.CAN_TP_Recv                            0x08005fc4   Section        0  can_tp.o(i.CAN_TP_Recv)
    i.CheckITStatus                          0x080061ac   Section        0  stm32f10x_can.o(i.CheckITStatus)
    CheckITStatus                            0x080061ad   Thumb Code    18  stm32f10x_can.o(i.CheckITStatus)
    i.DMA_Cmd                                0x080061be   Section        0  stm32f10x_dma.o(i.DMA_Cmd)
    i.DMA_Init                               0x080061d6   Section        0  stm32f10x_dma.o(i.DMA_Init)
    i.DebugMon_Handler                       0x08006212   Section        0  stm32f10x_it.o(i.DebugMon_Handler)
    i.Flash_Write_Task                       0x08006214   Section        0  user_task2.o(i.Flash_Write_Task)
    i.GPIO_Init                              0x08006250   Section        0  stm32f10x_gpio.o(i.GPIO_Init)
    i.GPIO_ResetBits                         0x08006366   Section        0  stm32f10x_gpio.o(i.GPIO_ResetBits)
    i.GPIO_SetBits                           0x0800636a   Section        0  stm32f10x_gpio.o(i.GPIO_SetBits)
    i.HardFault_Handler                      0x0800636e   Section        0  stm32f10x_it.o(i.HardFault_Handler)
    i.KEY_Init                               0x08006374   Section        0  key.o(i.KEY_Init)
    i.Led_Init                               0x080063a0   Section        0  led.o(i.Led_Init)
    i.MemManage_Handler                      0x080063cc   Section        0  stm32f10x_it.o(i.MemManage_Handler)
    i.MyCAN_Receive                          0x080063d0   Section        0  mycan.o(i.MyCAN_Receive)
    i.MyCan_Init                             0x080063f0   Section        0  mycan.o(i.MyCan_Init)
    i.NMI_Handler                            0x080064e4   Section        0  stm32f10x_it.o(i.NMI_Handler)
    i.NVIC_Init                              0x080064e8   Section        0  misc.o(i.NVIC_Init)
    i.NVIC_PriorityGroupConfig               0x08006558   Section        0  misc.o(i.NVIC_PriorityGroupConfig)
    i.OTA_Calculate_CRC32                    0x0800656c   Section        0  ota.o(i.OTA_Calculate_CRC32)
    i.Protocol_Task                          0x080065a8   Section        0  user_task1.o(i.Protocol_Task)
    i.RCC_ADCCLKConfig                       0x0800670c   Section        0  stm32f10x_rcc.o(i.RCC_ADCCLKConfig)
    i.RCC_AHBPeriphClockCmd                  0x08006724   Section        0  stm32f10x_rcc.o(i.RCC_AHBPeriphClockCmd)
    i.RCC_APB1PeriphClockCmd                 0x08006744   Section        0  stm32f10x_rcc.o(i.RCC_APB1PeriphClockCmd)
    i.RCC_APB2PeriphClockCmd                 0x08006764   Section        0  stm32f10x_rcc.o(i.RCC_APB2PeriphClockCmd)
    i.RCC_GetClocksFreq                      0x08006784   Section        0  stm32f10x_rcc.o(i.RCC_GetClocksFreq)
    i.Serial_Init                            0x08006858   Section        0  serial.o(i.Serial_Init)
    i.Serial_Printf                          0x080068e8   Section        0  serial.o(i.Serial_Printf)
    i.Serial_SendByte                        0x0800692c   Section        0  serial.o(i.Serial_SendByte)
    i.Serial_SendString                      0x0800694c   Section        0  serial.o(i.Serial_SendString)
    i.SetSysClock                            0x08006966   Section        0  system_stm32f10x.o(i.SetSysClock)
    SetSysClock                              0x08006967   Thumb Code     8  system_stm32f10x.o(i.SetSysClock)
    i.SetSysClockTo72                        0x08006970   Section        0  system_stm32f10x.o(i.SetSysClockTo72)
    SetSysClockTo72                          0x08006971   Thumb Code   214  system_stm32f10x.o(i.SetSysClockTo72)
    i.SysTick_Handler                        0x08006a50   Section        0  port.o(i.SysTick_Handler)
    i.SystemInit                             0x08006a84   Section        0  system_stm32f10x.o(i.SystemInit)
    i.USART_Cmd                              0x08006ae4   Section        0  stm32f10x_usart.o(i.USART_Cmd)
    i.USART_GetFlagStatus                    0x08006afc   Section        0  stm32f10x_usart.o(i.USART_GetFlagStatus)
    i.USART_Init                             0x08006b18   Section        0  stm32f10x_usart.o(i.USART_Init)
    i.USART_SendData                         0x08006bf0   Section        0  stm32f10x_usart.o(i.USART_SendData)
    i.USB_LP_CAN1_RX0_IRQHandler             0x08006bf8   Section        0  mycan.o(i.USB_LP_CAN1_RX0_IRQHandler)
    i.UsageFault_Handler                     0x08006c40   Section        0  stm32f10x_it.o(i.UsageFault_Handler)
    i.UserADC_Init                           0x08006c44   Section        0  adc.o(i.UserADC_Init)
    i.__0vsprintf                            0x08006d34   Section        0  printfa.o(i.__0vsprintf)
    i.__scatterload_copy                     0x08006d58   Section       14  handlers.o(i.__scatterload_copy)
    i.__scatterload_null                     0x08006d66   Section        2  handlers.o(i.__scatterload_null)
    i.__scatterload_zeroinit                 0x08006d68   Section       14  handlers.o(i.__scatterload_zeroinit)
    i._fp_digits                             0x08006d78   Section        0  printfa.o(i._fp_digits)
    _fp_digits                               0x08006d79   Thumb Code   366  printfa.o(i._fp_digits)
    i._printf_core                           0x08006efc   Section        0  printfa.o(i._printf_core)
    _printf_core                             0x08006efd   Thumb Code  1704  printfa.o(i._printf_core)
    i._printf_post_padding                   0x080075b0   Section        0  printfa.o(i._printf_post_padding)
    _printf_post_padding                     0x080075b1   Thumb Code    36  printfa.o(i._printf_post_padding)
    i._printf_pre_padding                    0x080075d4   Section        0  printfa.o(i._printf_pre_padding)
    _printf_pre_padding                      0x080075d5   Thumb Code    46  printfa.o(i._printf_pre_padding)
    i._sputc                                 0x08007602   Section        0  printfa.o(i._sputc)
    _sputc                                   0x08007603   Thumb Code    10  printfa.o(i._sputc)
    i.flash_ErasePage                        0x0800760c   Section        0  flash.o(i.flash_ErasePage)
    i.flash_WriteHalfWord                    0x08007644   Section        0  flash.o(i.flash_WriteHalfWord)
    i.flash_busy                             0x08007674   Section        0  flash.o(i.flash_busy)
    flash_busy                               0x08007675   Thumb Code    16  flash.o(i.flash_busy)
    i.flash_lock                             0x08007688   Section        0  flash.o(i.flash_lock)
    i.flash_unlock                           0x0800769c   Section        0  flash.o(i.flash_unlock)
    i.get_current_slot                       0x080076c4   Section        0  ota.o(i.get_current_slot)
    i.main                                   0x080076f0   Section        0  main.o(i.main)
    i.prvAddCurrentTaskToDelayedList         0x08007720   Section        0  tasks.o(i.prvAddCurrentTaskToDelayedList)
    prvAddCurrentTaskToDelayedList           0x08007721   Thumb Code   164  tasks.o(i.prvAddCurrentTaskToDelayedList)
    i.prvAddNewTaskToReadyList               0x080077e0   Section        0  tasks.o(i.prvAddNewTaskToReadyList)
    prvAddNewTaskToReadyList                 0x080077e1   Thumb Code   200  tasks.o(i.prvAddNewTaskToReadyList)
    i.prvCheckForValidListAndQueue           0x080078c4   Section        0  timers.o(i.prvCheckForValidListAndQueue)
    prvCheckForValidListAndQueue             0x080078c5   Thumb Code    56  timers.o(i.prvCheckForValidListAndQueue)
    i.prvCheckTasksWaitingTermination        0x08007910   Section        0  tasks.o(i.prvCheckTasksWaitingTermination)
    prvCheckTasksWaitingTermination          0x08007911   Thumb Code    60  tasks.o(i.prvCheckTasksWaitingTermination)
    i.prvCopyDataFromQueue                   0x08007958   Section        0  queue.o(i.prvCopyDataFromQueue)
    prvCopyDataFromQueue                     0x08007959   Thumb Code    42  queue.o(i.prvCopyDataFromQueue)
    i.prvCopyDataToQueue                     0x08007982   Section        0  queue.o(i.prvCopyDataToQueue)
    prvCopyDataToQueue                       0x08007983   Thumb Code   126  queue.o(i.prvCopyDataToQueue)
    i.prvDeleteTCB                           0x08007a00   Section        0  tasks.o(i.prvDeleteTCB)
    prvDeleteTCB                             0x08007a01   Thumb Code    18  tasks.o(i.prvDeleteTCB)
    i.prvGetDisinheritPriorityAfterTimeout   0x08007a12   Section        0  queue.o(i.prvGetDisinheritPriorityAfterTimeout)
    prvGetDisinheritPriorityAfterTimeout     0x08007a13   Thumb Code    20  queue.o(i.prvGetDisinheritPriorityAfterTimeout)
    i.prvGetNextExpireTime                   0x08007a28   Section        0  timers.o(i.prvGetNextExpireTime)
    prvGetNextExpireTime                     0x08007a29   Thumb Code    36  timers.o(i.prvGetNextExpireTime)
    i.prvHeapInit                            0x08007a50   Section        0  heap_4.o(i.prvHeapInit)
    prvHeapInit                              0x08007a51   Thumb Code    90  heap_4.o(i.prvHeapInit)
    i.prvIdleTask                            0x08007ac0   Section        0  tasks.o(i.prvIdleTask)
    prvIdleTask                              0x08007ac1   Thumb Code    32  tasks.o(i.prvIdleTask)
    i.prvInitialiseMutex                     0x08007ae8   Section        0  queue.o(i.prvInitialiseMutex)
    prvInitialiseMutex                       0x08007ae9   Thumb Code    30  queue.o(i.prvInitialiseMutex)
    i.prvInitialiseNewQueue                  0x08007b06   Section        0  queue.o(i.prvInitialiseNewQueue)
    prvInitialiseNewQueue                    0x08007b07   Thumb Code    38  queue.o(i.prvInitialiseNewQueue)
    i.prvInitialiseNewTask                   0x08007b2c   Section        0  tasks.o(i.prvInitialiseNewTask)
    prvInitialiseNewTask                     0x08007b2d   Thumb Code   134  tasks.o(i.prvInitialiseNewTask)
    i.prvInitialiseTaskLists                 0x08007bb4   Section        0  tasks.o(i.prvInitialiseTaskLists)
    prvInitialiseTaskLists                   0x08007bb5   Thumb Code    70  tasks.o(i.prvInitialiseTaskLists)
    i.prvInsertBlockIntoFreeList             0x08007c1c   Section        0  heap_4.o(i.prvInsertBlockIntoFreeList)
    prvInsertBlockIntoFreeList               0x08007c1d   Thumb Code    96  heap_4.o(i.prvInsertBlockIntoFreeList)
    i.prvInsertTimerInActiveList             0x08007c84   Section        0  timers.o(i.prvInsertTimerInActiveList)
    prvInsertTimerInActiveList               0x08007c85   Thumb Code    80  timers.o(i.prvInsertTimerInActiveList)
    i.prvIsQueueEmpty                        0x08007cdc   Section        0  queue.o(i.prvIsQueueEmpty)
    prvIsQueueEmpty                          0x08007cdd   Thumb Code    26  queue.o(i.prvIsQueueEmpty)
    i.prvIsQueueFull                         0x08007cf6   Section        0  queue.o(i.prvIsQueueFull)
    prvIsQueueFull                           0x08007cf7   Thumb Code    30  queue.o(i.prvIsQueueFull)
    i.prvProcessExpiredTimer                 0x08007d14   Section        0  timers.o(i.prvProcessExpiredTimer)
    prvProcessExpiredTimer                   0x08007d15   Thumb Code    62  timers.o(i.prvProcessExpiredTimer)
    i.prvProcessReceivedCommands             0x08007d58   Section        0  timers.o(i.prvProcessReceivedCommands)
    prvProcessReceivedCommands               0x08007d59   Thumb Code   244  timers.o(i.prvProcessReceivedCommands)
    i.prvProcessTimerOrBlockTask             0x08007e50   Section        0  timers.o(i.prvProcessTimerOrBlockTask)
    prvProcessTimerOrBlockTask               0x08007e51   Thumb Code   102  timers.o(i.prvProcessTimerOrBlockTask)
    i.prvReloadTimer                         0x08007ec4   Section        0  timers.o(i.prvReloadTimer)
    prvReloadTimer                           0x08007ec5   Thumb Code    40  timers.o(i.prvReloadTimer)
    i.prvResetNextTaskUnblockTime            0x08007eec   Section        0  tasks.o(i.prvResetNextTaskUnblockTime)
    prvResetNextTaskUnblockTime              0x08007eed   Thumb Code    40  tasks.o(i.prvResetNextTaskUnblockTime)
    i.prvSampleTimeNow                       0x08007f1c   Section        0  timers.o(i.prvSampleTimeNow)
    prvSampleTimeNow                         0x08007f1d   Thumb Code    40  timers.o(i.prvSampleTimeNow)
    i.prvSwitchTimerLists                    0x08007f48   Section        0  timers.o(i.prvSwitchTimerLists)
    prvSwitchTimerLists                      0x08007f49   Thumb Code    58  timers.o(i.prvSwitchTimerLists)
    i.prvTaskCheckFreeStackSpace             0x08007f8c   Section        0  tasks.o(i.prvTaskCheckFreeStackSpace)
    prvTaskCheckFreeStackSpace               0x08007f8d   Thumb Code    22  tasks.o(i.prvTaskCheckFreeStackSpace)
    i.prvTaskExitError                       0x08007fa2   Section        0  port.o(i.prvTaskExitError)
    prvTaskExitError                         0x08007fa3   Thumb Code    22  port.o(i.prvTaskExitError)
    i.prvTimerTask                           0x08007fb8   Section        0  timers.o(i.prvTimerTask)
    prvTimerTask                             0x08007fb9   Thumb Code    26  timers.o(i.prvTimerTask)
    i.prvUnlockQueue                         0x08007fd2   Section        0  queue.o(i.prvUnlockQueue)
    prvUnlockQueue                           0x08007fd3   Thumb Code   126  queue.o(i.prvUnlockQueue)
    i.pvPortMalloc                           0x08008050   Section        0  heap_4.o(i.pvPortMalloc)
    i.pvTaskIncrementMutexHeldCount          0x08008134   Section        0  tasks.o(i.pvTaskIncrementMutexHeldCount)
    i.pxPortInitialiseStack                  0x08008154   Section        0  port.o(i.pxPortInitialiseStack)
    i.start_task                             0x08008178   Section        0  start_task.o(i.start_task)
    i.user_erase_start                       0x0800827c   Section        0  user_flash.o(i.user_erase_start)
    i.user_flash_erase                       0x08008290   Section        0  user_flash.o(i.user_flash_erase)
    i.user_flash_write                       0x08008314   Section        0  user_flash.o(i.user_flash_write)
    i.user_ledtask                           0x08008390   Section        0  user_ledtask.o(i.user_ledtask)
    i.user_temptask                          0x080083c8   Section        0  user_temp.o(i.user_temptask)
    i.uxListRemove                           0x080084dc   Section        0  list.o(i.uxListRemove)
    i.uxTaskGetNumberOfTasks                 0x08008504   Section        0  tasks.o(i.uxTaskGetNumberOfTasks)
    i.uxTaskGetStackHighWaterMark            0x08008510   Section        0  tasks.o(i.uxTaskGetStackHighWaterMark)
    i.vListInitialise                        0x08008538   Section        0  list.o(i.vListInitialise)
    i.vListInitialiseItem                    0x08008552   Section        0  list.o(i.vListInitialiseItem)
    i.vListInsert                            0x08008558   Section        0  list.o(i.vListInsert)
    i.vListInsertEnd                         0x0800858c   Section        0  list.o(i.vListInsertEnd)
    i.vPortEnterCritical                     0x080085a4   Section        0  port.o(i.vPortEnterCritical)
    i.vPortExitCritical                      0x080085c8   Section        0  port.o(i.vPortExitCritical)
    i.vPortFree                              0x080085e8   Section        0  heap_4.o(i.vPortFree)
    i.vPortSetupTimerInterrupt               0x08008634   Section        0  port.o(i.vPortSetupTimerInterrupt)
    i.vQueueWaitForMessageRestricted         0x0800864c   Section        0  queue.o(i.vQueueWaitForMessageRestricted)
    i.vTaskDelay                             0x08008698   Section        0  tasks.o(i.vTaskDelay)
    i.vTaskDelete                            0x080086cc   Section        0  tasks.o(i.vTaskDelete)
    i.vTaskInternalSetTimeOutState           0x080087a0   Section        0  tasks.o(i.vTaskInternalSetTimeOutState)
    i.vTaskMissedYield                       0x080087b8   Section        0  tasks.o(i.vTaskMissedYield)
    i.vTaskPlaceOnEventList                  0x080087c4   Section        0  tasks.o(i.vTaskPlaceOnEventList)
    i.vTaskPlaceOnEventListRestricted        0x080087e4   Section        0  tasks.o(i.vTaskPlaceOnEventListRestricted)
    i.vTaskPriorityDisinheritAfterTimeout    0x08008830   Section        0  tasks.o(i.vTaskPriorityDisinheritAfterTimeout)
    i.vTaskStartScheduler                    0x08008904   Section        0  tasks.o(i.vTaskStartScheduler)
    i.vTaskSuspendAll                        0x0800897c   Section        0  tasks.o(i.vTaskSuspendAll)
    i.vTaskSwitchContext                     0x0800898c   Section        0  tasks.o(i.vTaskSwitchContext)
    i.xPortStartScheduler                    0x080089ec   Section        0  port.o(i.xPortStartScheduler)
    i.xQueueCreateMutex                      0x08008a20   Section        0  queue.o(i.xQueueCreateMutex)
    i.xQueueGenericCreate                    0x08008a42   Section        0  queue.o(i.xQueueGenericCreate)
    i.xQueueGenericReset                     0x08008a90   Section        0  queue.o(i.xQueueGenericReset)
    i.xQueueGenericSend                      0x08008b30   Section        0  queue.o(i.xQueueGenericSend)
    i.xQueueGenericSendFromISR               0x08008c48   Section        0  queue.o(i.xQueueGenericSendFromISR)
    i.xQueueReceive                          0x08008ce0   Section        0  queue.o(i.xQueueReceive)
    i.xQueueSemaphoreTake                    0x08008de4   Section        0  queue.o(i.xQueueSemaphoreTake)
    i.xTaskCheckForTimeOut                   0x08008f14   Section        0  tasks.o(i.xTaskCheckForTimeOut)
    i.xTaskCreate                            0x08008f74   Section        0  tasks.o(i.xTaskCreate)
    i.xTaskGetTickCount                      0x08008fdc   Section        0  tasks.o(i.xTaskGetTickCount)
    i.xTaskIncrementTick                     0x08008fe8   Section        0  tasks.o(i.xTaskIncrementTick)
    i.xTaskPriorityDisinherit                0x08009178   Section        0  tasks.o(i.xTaskPriorityDisinherit)
    i.xTaskPriorityInherit                   0x08009224   Section        0  tasks.o(i.xTaskPriorityInherit)
    i.xTaskRemoveFromEventList               0x08009310   Section        0  tasks.o(i.xTaskRemoveFromEventList)
    i.xTaskResumeAll                         0x08009418   Section        0  tasks.o(i.xTaskResumeAll)
    i.xTimerCreateTimerTask                  0x08009574   Section        0  timers.o(i.xTimerCreateTimerTask)
    .data                                    0x20000000   Section       20  stm32f10x_rcc.o(.data)
    APBAHBPrescTable                         0x20000000   Data          16  stm32f10x_rcc.o(.data)
    ADCPrescTable                            0x20000010   Data           4  stm32f10x_rcc.o(.data)
    .data                                    0x20000014   Section       64  tasks.o(.data)
    pxDelayedTaskList                        0x20000018   Data           4  tasks.o(.data)
    pxOverflowDelayedTaskList                0x2000001c   Data           4  tasks.o(.data)
    uxDeletedTasksWaitingCleanUp             0x20000020   Data           4  tasks.o(.data)
    uxCurrentNumberOfTasks                   0x20000024   Data           4  tasks.o(.data)
    xTickCount                               0x20000028   Data           4  tasks.o(.data)
    uxTopReadyPriority                       0x2000002c   Data           4  tasks.o(.data)
    xSchedulerRunning                        0x20000030   Data           4  tasks.o(.data)
    xPendedTicks                             0x20000034   Data           4  tasks.o(.data)
    xYieldPending                            0x20000038   Data           4  tasks.o(.data)
    xNumOfOverflows                          0x2000003c   Data           4  tasks.o(.data)
    uxTaskNumber                             0x20000040   Data           4  tasks.o(.data)
    xNextTaskUnblockTime                     0x20000044   Data           4  tasks.o(.data)
    xIdleTaskHandle                          0x20000048   Data           4  tasks.o(.data)
    uxSchedulerSuspended                     0x20000050   Data           4  tasks.o(.data)
    .data                                    0x20000054   Section       20  timers.o(.data)
    pxCurrentTimerList                       0x20000054   Data           4  timers.o(.data)
    pxOverflowTimerList                      0x20000058   Data           4  timers.o(.data)
    xTimerQueue                              0x2000005c   Data           4  timers.o(.data)
    xTimerTaskHandle                         0x20000060   Data           4  timers.o(.data)
    xLastTime                                0x20000064   Data           4  timers.o(.data)
    .data                                    0x20000068   Section        4  port.o(.data)
    uxCriticalNesting                        0x20000068   Data           4  port.o(.data)
    .data                                    0x2000006c   Section       28  heap_4.o(.data)
    xStart                                   0x2000006c   Data           8  heap_4.o(.data)
    pxEnd                                    0x20000074   Data           4  heap_4.o(.data)
    xFreeBytesRemaining                      0x20000078   Data           4  heap_4.o(.data)
    xMinimumEverFreeBytesRemaining           0x2000007c   Data           4  heap_4.o(.data)
    xNumberOfSuccessfulAllocations           0x20000080   Data           4  heap_4.o(.data)
    xNumberOfSuccessfulFrees                 0x20000084   Data           4  heap_4.o(.data)
    .data                                    0x20000088   Section       12  start_task.o(.data)
    .data                                    0x20000094   Section        4  user_task1.o(.data)
    .data                                    0x20000098   Section       20  can_tp.o(.data)
    Expected_SN                              0x20000098   Data           1  can_tp.o(.data)
    pCANTP_RecvBuf                           0x2000009c   Data           4  can_tp.o(.data)
    .data                                    0x200000ac   Section        8  user_flash.o(.data)
    .data                                    0x200000b4   Section       14  user_temp.o(.data)
    vol                                      0x200000b4   Data           4  user_temp.o(.data)
    vol_tmp                                  0x200000b8   Data           4  user_temp.o(.data)
    temperature                              0x200000bc   Data           4  user_temp.o(.data)
    count                                    0x200000c0   Data           2  user_temp.o(.data)
    .data                                    0x200000c2   Section        1  user_ledtask.o(.data)
    .bss                                     0x200000c4   Section      200  tasks.o(.bss)
    pxReadyTasksLists                        0x200000c4   Data         100  tasks.o(.bss)
    xDelayedTaskList1                        0x20000128   Data          20  tasks.o(.bss)
    xDelayedTaskList2                        0x2000013c   Data          20  tasks.o(.bss)
    xPendingReadyList                        0x20000150   Data          20  tasks.o(.bss)
    xTasksWaitingTermination                 0x20000164   Data          20  tasks.o(.bss)
    xSuspendedTaskList                       0x20000178   Data          20  tasks.o(.bss)
    .bss                                     0x2000018c   Section       40  timers.o(.bss)
    xActiveTimerList1                        0x2000018c   Data          20  timers.o(.bss)
    xActiveTimerList2                        0x200001a0   Data          20  timers.o(.bss)
    .bss                                     0x200001b4   Section    17408  heap_4.o(.bss)
    ucHeap                                   0x200001b4   Data       17408  heap_4.o(.bss)
    .bss                                     0x200045b4   Section     1040  user_task1.o(.bss)
    .bss                                     0x200049c4   Section      520  user_task2.o(.bss)
    .bss                                     0x20004bcc   Section      540  mycan.o(.bss)
    .bss                                     0x20004de8   Section      256  adc.o(.bss)
    .bss                                     0x20004ee8   Section     1032  can_tp.o(.bss)
    CANTP_RecvBuf                            0x20004ee8   Data         512  can_tp.o(.bss)
    .bss                                     0x200052f0   Section      256  user_temp.o(.bss)
    DMA_Buf                                  0x200052f0   Data         256  user_temp.o(.bss)
    STACK                                    0x200053f0   Section     1024  startup_stm32f10x_hd.o(STACK)

    Global Symbols

    Symbol Name                              Value     Ov Type        Size  Object(Section)

    BuildAttributes$$THM_ISAv4$P$D$K$B$S$PE$A:L22UL41UL21$X:L11$S22US41US21$IEEE1$IW$USESV6$~STKCKD$USESV7$~SHL$OTIME$ROPI$EBA8$MICROLIB$REQ8$PRES8$EABIv2 0x00000000   Number         0  anon$$obj.o ABSOLUTE
    __ARM_use_no_argv                        0x00000000   Number         0  main.o ABSOLUTE
    __arm_fini_                               - Undefined Weak Reference
    __cpp_initialize__aeabi_                  - Undefined Weak Reference
    __cxa_finalize                            - Undefined Weak Reference
    __decompress                              - Undefined Weak Reference
    _clock_init                               - Undefined Weak Reference
    _microlib_exit                            - Undefined Weak Reference
    __Vectors_Size                           0x00000130   Number         0  startup_stm32f10x_hd.o ABSOLUTE
    __Vectors                                0x08005000   Data           4  startup_stm32f10x_hd.o(RESET)
    __Vectors_End                            0x08005130   Data           0  startup_stm32f10x_hd.o(RESET)
    __main                                   0x08005131   Thumb Code     0  entry.o(.ARM.Collect$$$$00000000)
    _main_stk                                0x08005131   Thumb Code     0  entry2.o(.ARM.Collect$$$$00000001)
    _main_scatterload                        0x08005135   Thumb Code     0  entry5.o(.ARM.Collect$$$$00000004)
    __main_after_scatterload                 0x08005139   Thumb Code     0  entry5.o(.ARM.Collect$$$$00000004)
    _main_clock                              0x08005139   Thumb Code     0  entry7b.o(.ARM.Collect$$$$00000008)
    _main_cpp_init                           0x08005139   Thumb Code     0  entry8b.o(.ARM.Collect$$$$0000000A)
    _main_init                               0x08005139   Thumb Code     0  entry9a.o(.ARM.Collect$$$$0000000B)
    __rt_lib_shutdown_fini                   0x08005141   Thumb Code     0  entry12b.o(.ARM.Collect$$$$0000000E)
    __rt_final_cpp                           0x08005145   Thumb Code     0  entry10a.o(.ARM.Collect$$$$0000000F)
    __rt_final_exit                          0x08005145   Thumb Code     0  entry11a.o(.ARM.Collect$$$$00000011)
    SVC_Handler                              0x08005149   Thumb Code    32  port.o(.emb_text)
    __asm___6_port_c_39a90d8d__prvStartFirstTask 0x0800516d   Thumb Code    28  port.o(.emb_text)
    PendSV_Handler                           0x0800518d   Thumb Code    72  port.o(.emb_text)
    vPortGetIPSR                             0x080051d9   Thumb Code     6  port.o(.emb_text)
    Reset_Handler                            0x080051e1   Thumb Code     8  startup_stm32f10x_hd.o(.text)
    ADC1_2_IRQHandler                        0x080051fb   Thumb Code     0  startup_stm32f10x_hd.o(.text)
    ADC3_IRQHandler                          0x080051fb   Thumb Code     0  startup_stm32f10x_hd.o(.text)
    CAN1_RX1_IRQHandler                      0x080051fb   Thumb Code     0  startup_stm32f10x_hd.o(.text)
    CAN1_SCE_IRQHandler                      0x080051fb   Thumb Code     0  startup_stm32f10x_hd.o(.text)
    DMA1_Channel1_IRQHandler                 0x080051fb   Thumb Code     0  startup_stm32f10x_hd.o(.text)
    DMA1_Channel2_IRQHandler                 0x080051fb   Thumb Code     0  startup_stm32f10x_hd.o(.text)
    DMA1_Channel3_IRQHandler                 0x080051fb   Thumb Code     0  startup_stm32f10x_hd.o(.text)
    DMA1_Channel4_IRQHandler                 0x080051fb   Thumb Code     0  startup_stm32f10x_hd.o(.text)
    DMA1_Channel5_IRQHandler                 0x080051fb   Thumb Code     0  startup_stm32f10x_hd.o(.text)
    DMA1_Channel6_IRQHandler                 0x080051fb   Thumb Code     0  startup_stm32f10x_hd.o(.text)
    DMA1_Channel7_IRQHandler                 0x080051fb   Thumb Code     0  startup_stm32f10x_hd.o(.text)
    DMA2_Channel1_IRQHandler                 0x080051fb   Thumb Code     0  startup_stm32f10x_hd.o(.text)
    DMA2_Channel2_IRQHandler                 0x080051fb   Thumb Code     0  startup_stm32f10x_hd.o(.text)
    DMA2_Channel3_IRQHandler                 0x080051fb   Thumb Code     0  startup_stm32f10x_hd.o(.text)
    DMA2_Channel4_5_IRQHandler               0x080051fb   Thumb Code     0  startup_stm32f10x_hd.o(.text)
    EXTI0_IRQHandler                         0x080051fb   Thumb Code     0  startup_stm32f10x_hd.o(.text)
    EXTI15_10_IRQHandler                     0x080051fb   Thumb Code     0  startup_stm32f10x_hd.o(.text)
    EXTI1_IRQHandler                         0x080051fb   Thumb Code     0  startup_stm32f10x_hd.o(.text)
    EXTI2_IRQHandler                         0x080051fb   Thumb Code     0  startup_stm32f10x_hd.o(.text)
    EXTI3_IRQHandler                         0x080051fb   Thumb Code     0  startup_stm32f10x_hd.o(.text)
    EXTI4_IRQHandler                         0x080051fb   Thumb Code     0  startup_stm32f10x_hd.o(.text)
    EXTI9_5_IRQHandler                       0x080051fb   Thumb Code     0  startup_stm32f10x_hd.o(.text)
    FLASH_IRQHandler                         0x080051fb   Thumb Code     0  startup_stm32f10x_hd.o(.text)
    FSMC_IRQHandler                          0x080051fb   Thumb Code     0  startup_stm32f10x_hd.o(.text)
    I2C1_ER_IRQHandler                       0x080051fb   Thumb Code     0  startup_stm32f10x_hd.o(.text)
    I2C1_EV_IRQHandler                       0x080051fb   Thumb Code     0  startup_stm32f10x_hd.o(.text)
    I2C2_ER_IRQHandler                       0x080051fb   Thumb Code     0  startup_stm32f10x_hd.o(.text)
    I2C2_EV_IRQHandler                       0x080051fb   Thumb Code     0  startup_stm32f10x_hd.o(.text)
    PVD_IRQHandler                           0x080051fb   Thumb Code     0  startup_stm32f10x_hd.o(.text)
    RCC_IRQHandler                           0x080051fb   Thumb Code     0  startup_stm32f10x_hd.o(.text)
    RTCAlarm_IRQHandler                      0x080051fb   Thumb Code     0  startup_stm32f10x_hd.o(.text)
    RTC_IRQHandler                           0x080051fb   Thumb Code     0  startup_stm32f10x_hd.o(.text)
    SDIO_IRQHandler                          0x080051fb   Thumb Code     0  startup_stm32f10x_hd.o(.text)
    SPI1_IRQHandler                          0x080051fb   Thumb Code     0  startup_stm32f10x_hd.o(.text)
    SPI2_IRQHandler                          0x080051fb   Thumb Code     0  startup_stm32f10x_hd.o(.text)
    SPI3_IRQHandler                          0x080051fb   Thumb Code     0  startup_stm32f10x_hd.o(.text)
    TAMPER_IRQHandler                        0x080051fb   Thumb Code     0  startup_stm32f10x_hd.o(.text)
    TIM1_BRK_IRQHandler                      0x080051fb   Thumb Code     0  startup_stm32f10x_hd.o(.text)
    TIM1_CC_IRQHandler                       0x080051fb   Thumb Code     0  startup_stm32f10x_hd.o(.text)
    TIM1_TRG_COM_IRQHandler                  0x080051fb   Thumb Code     0  startup_stm32f10x_hd.o(.text)
    TIM1_UP_IRQHandler                       0x080051fb   Thumb Code     0  startup_stm32f10x_hd.o(.text)
    TIM2_IRQHandler                          0x080051fb   Thumb Code     0  startup_stm32f10x_hd.o(.text)
    TIM3_IRQHandler                          0x080051fb   Thumb Code     0  startup_stm32f10x_hd.o(.text)
    TIM4_IRQHandler                          0x080051fb   Thumb Code     0  startup_stm32f10x_hd.o(.text)
    TIM5_IRQHandler                          0x080051fb   Thumb Code     0  startup_stm32f10x_hd.o(.text)
    TIM6_IRQHandler                          0x080051fb   Thumb Code     0  startup_stm32f10x_hd.o(.text)
    TIM7_IRQHandler                          0x080051fb   Thumb Code     0  startup_stm32f10x_hd.o(.text)
    TIM8_BRK_IRQHandler                      0x080051fb   Thumb Code     0  startup_stm32f10x_hd.o(.text)
    TIM8_CC_IRQHandler                       0x080051fb   Thumb Code     0  startup_stm32f10x_hd.o(.text)
    TIM8_TRG_COM_IRQHandler                  0x080051fb   Thumb Code     0  startup_stm32f10x_hd.o(.text)
    TIM8_UP_IRQHandler                       0x080051fb   Thumb Code     0  startup_stm32f10x_hd.o(.text)
    UART4_IRQHandler                         0x080051fb   Thumb Code     0  startup_stm32f10x_hd.o(.text)
    UART5_IRQHandler                         0x080051fb   Thumb Code     0  startup_stm32f10x_hd.o(.text)
    USART1_IRQHandler                        0x080051fb   Thumb Code     0  startup_stm32f10x_hd.o(.text)
    USART2_IRQHandler                        0x080051fb   Thumb Code     0  startup_stm32f10x_hd.o(.text)
    USART3_IRQHandler                        0x080051fb   Thumb Code     0  startup_stm32f10x_hd.o(.text)
    USBWakeUp_IRQHandler                     0x080051fb   Thumb Code     0  startup_stm32f10x_hd.o(.text)
    USB_HP_CAN1_TX_IRQHandler                0x080051fb   Thumb Code     0  startup_stm32f10x_hd.o(.text)
    WWDG_IRQHandler                          0x080051fb   Thumb Code     0  startup_stm32f10x_hd.o(.text)
    __aeabi_memcpy                           0x08005205   Thumb Code    36  memcpya.o(.text)
    __aeabi_memcpy4                          0x08005205   Thumb Code     0  memcpya.o(.text)
    __aeabi_memcpy8                          0x08005205   Thumb Code     0  memcpya.o(.text)
    __aeabi_memset                           0x08005229   Thumb Code    14  memseta.o(.text)
    __aeabi_memset4                          0x08005229   Thumb Code     0  memseta.o(.text)
    __aeabi_memset8                          0x08005229   Thumb Code     0  memseta.o(.text)
    __aeabi_memclr                           0x08005237   Thumb Code     4  memseta.o(.text)
    __aeabi_memclr4                          0x08005237   Thumb Code     0  memseta.o(.text)
    __aeabi_memclr8                          0x08005237   Thumb Code     0  memseta.o(.text)
    _memset$wrapper                          0x0800523b   Thumb Code    18  memseta.o(.text)
    __aeabi_fadd                             0x0800524d   Thumb Code   164  fadd.o(.text)
    __aeabi_fsub                             0x080052f1   Thumb Code     6  fadd.o(.text)
    __aeabi_frsub                            0x080052f7   Thumb Code     6  fadd.o(.text)
    __aeabi_fmul                             0x080052fd   Thumb Code   100  fmul.o(.text)
    __aeabi_fdiv                             0x08005361   Thumb Code   124  fdiv.o(.text)
    __aeabi_ui2f                             0x080053dd   Thumb Code    10  ffltui.o(.text)
    __aeabi_f2d                              0x080053e7   Thumb Code    38  f2d.o(.text)
    __aeabi_uidiv                            0x0800540d   Thumb Code     0  uidiv.o(.text)
    __aeabi_uidivmod                         0x0800540d   Thumb Code    44  uidiv.o(.text)
    __aeabi_uldivmod                         0x08005439   Thumb Code    98  uldiv.o(.text)
    __I$use$fp                               0x0800549b   Thumb Code     0  iusefp.o(.text)
    _float_round                             0x0800549b   Thumb Code    18  fepilogue.o(.text)
    _float_epilogue                          0x080054ad   Thumb Code    92  fepilogue.o(.text)
    __aeabi_dadd                             0x08005509   Thumb Code   322  dadd.o(.text)
    __aeabi_dsub                             0x0800564b   Thumb Code     6  dadd.o(.text)
    __aeabi_drsub                            0x08005651   Thumb Code     6  dadd.o(.text)
    __aeabi_dmul                             0x08005657   Thumb Code   228  dmul.o(.text)
    __aeabi_ddiv                             0x0800573b   Thumb Code   222  ddiv.o(.text)
    __aeabi_d2ulz                            0x08005819   Thumb Code    48  dfixul.o(.text)
    __aeabi_cdrcmple                         0x08005849   Thumb Code    48  cdrcmple.o(.text)
    __scatterload                            0x08005879   Thumb Code    28  init.o(.text)
    __scatterload_rt2                        0x08005879   Thumb Code     0  init.o(.text)
    __aeabi_llsl                             0x0800589d   Thumb Code    30  llshl.o(.text)
    _ll_shift_l                              0x0800589d   Thumb Code     0  llshl.o(.text)
    __aeabi_llsr                             0x080058bb   Thumb Code    32  llushr.o(.text)
    _ll_ushift_r                             0x080058bb   Thumb Code     0  llushr.o(.text)
    __aeabi_lasr                             0x080058db   Thumb Code    36  llsshr.o(.text)
    _ll_sshift_r                             0x080058db   Thumb Code     0  llsshr.o(.text)
    _double_round                            0x080058ff   Thumb Code    30  depilogue.o(.text)
    _double_epilogue                         0x0800591d   Thumb Code   156  depilogue.o(.text)
    ADC_Cmd                                  0x080059b9   Thumb Code    22  stm32f10x_adc.o(i.ADC_Cmd)
    ADC_DMACmd                               0x080059cf   Thumb Code    22  stm32f10x_adc.o(i.ADC_DMACmd)
    ADC_GetCalibrationStatus                 0x080059e5   Thumb Code    20  stm32f10x_adc.o(i.ADC_GetCalibrationStatus)
    ADC_GetResetCalibrationStatus            0x080059f9   Thumb Code    20  stm32f10x_adc.o(i.ADC_GetResetCalibrationStatus)
    ADC_Init                                 0x08005a0d   Thumb Code    70  stm32f10x_adc.o(i.ADC_Init)
    ADC_RegularChannelConfig                 0x08005a5d   Thumb Code   184  stm32f10x_adc.o(i.ADC_RegularChannelConfig)
    ADC_ResetCalibration                     0x08005b15   Thumb Code    10  stm32f10x_adc.o(i.ADC_ResetCalibration)
    ADC_SoftwareStartConvCmd                 0x08005b1f   Thumb Code    22  stm32f10x_adc.o(i.ADC_SoftwareStartConvCmd)
    ADC_StartCalibration                     0x08005b35   Thumb Code    10  stm32f10x_adc.o(i.ADC_StartCalibration)
    ADC_TempSensorVrefintCmd                 0x08005b41   Thumb Code    30  stm32f10x_adc.o(i.ADC_TempSensorVrefintCmd)
    BusFault_Handler                         0x08005b65   Thumb Code     4  stm32f10x_it.o(i.BusFault_Handler)
    CAN_FilterInit                           0x08005b69   Thumb Code   258  stm32f10x_can.o(i.CAN_FilterInit)
    CAN_GetITStatus                          0x08005c71   Thumb Code   284  stm32f10x_can.o(i.CAN_GetITStatus)
    CAN_ITConfig                             0x08005d91   Thumb Code    18  stm32f10x_can.o(i.CAN_ITConfig)
    CAN_Init                                 0x08005da3   Thumb Code   276  stm32f10x_can.o(i.CAN_Init)
    CAN_MessagePending                       0x08005eb7   Thumb Code    30  stm32f10x_can.o(i.CAN_MessagePending)
    CAN_Receive                              0x08005ed5   Thumb Code   240  stm32f10x_can.o(i.CAN_Receive)
    CAN_TP_Recv                              0x08005fc5   Thumb Code   452  can_tp.o(i.CAN_TP_Recv)
    DMA_Cmd                                  0x080061bf   Thumb Code    24  stm32f10x_dma.o(i.DMA_Cmd)
    DMA_Init                                 0x080061d7   Thumb Code    60  stm32f10x_dma.o(i.DMA_Init)
    DebugMon_Handler                         0x08006213   Thumb Code     2  stm32f10x_it.o(i.DebugMon_Handler)
    Flash_Write_Task                         0x08006215   Thumb Code    50  user_task2.o(i.Flash_Write_Task)
    GPIO_Init                                0x08006251   Thumb Code   278  stm32f10x_gpio.o(i.GPIO_Init)
    GPIO_ResetBits                           0x08006367   Thumb Code     4  stm32f10x_gpio.o(i.GPIO_ResetBits)
    GPIO_SetBits                             0x0800636b   Thumb Code     4  stm32f10x_gpio.o(i.GPIO_SetBits)
    HardFault_Handler                        0x0800636f   Thumb Code     4  stm32f10x_it.o(i.HardFault_Handler)
    KEY_Init                                 0x08006375   Thumb Code    38  key.o(i.KEY_Init)
    Led_Init                                 0x080063a1   Thumb Code    38  led.o(i.Led_Init)
    MemManage_Handler                        0x080063cd   Thumb Code     4  stm32f10x_it.o(i.MemManage_Handler)
    MyCAN_Receive                            0x080063d1   Thumb Code    26  mycan.o(i.MyCAN_Receive)
    MyCan_Init                               0x080063f1   Thumb Code   234  mycan.o(i.MyCan_Init)
    NMI_Handler                              0x080064e5   Thumb Code     2  stm32f10x_it.o(i.NMI_Handler)
    NVIC_Init                                0x080064e9   Thumb Code   100  misc.o(i.NVIC_Init)
    NVIC_PriorityGroupConfig                 0x08006559   Thumb Code    10  misc.o(i.NVIC_PriorityGroupConfig)
    OTA_Calculate_CRC32                      0x0800656d   Thumb Code    54  ota.o(i.OTA_Calculate_CRC32)
    Protocol_Task                            0x080065a9   Thumb Code   228  user_task1.o(i.Protocol_Task)
    RCC_ADCCLKConfig                         0x0800670d   Thumb Code    18  stm32f10x_rcc.o(i.RCC_ADCCLKConfig)
    RCC_AHBPeriphClockCmd                    0x08006725   Thumb Code    26  stm32f10x_rcc.o(i.RCC_AHBPeriphClockCmd)
    RCC_APB1PeriphClockCmd                   0x08006745   Thumb Code    26  stm32f10x_rcc.o(i.RCC_APB1PeriphClockCmd)
    RCC_APB2PeriphClockCmd                   0x08006765   Thumb Code    26  stm32f10x_rcc.o(i.RCC_APB2PeriphClockCmd)
    RCC_GetClocksFreq                        0x08006785   Thumb Code   192  stm32f10x_rcc.o(i.RCC_GetClocksFreq)
    Serial_Init                              0x08006859   Thumb Code   134  serial.o(i.Serial_Init)
    Serial_Printf                            0x080068e9   Thumb Code    62  serial.o(i.Serial_Printf)
    Serial_SendByte                          0x0800692d   Thumb Code    28  serial.o(i.Serial_SendByte)
    Serial_SendString                        0x0800694d   Thumb Code    26  serial.o(i.Serial_SendString)
    SysTick_Handler                          0x08006a51   Thumb Code    46  port.o(i.SysTick_Handler)
    SystemInit                               0x08006a85   Thumb Code    76  system_stm32f10x.o(i.SystemInit)
    USART_Cmd                                0x08006ae5   Thumb Code    24  stm32f10x_usart.o(i.USART_Cmd)
    USART_GetFlagStatus                      0x08006afd   Thumb Code    26  stm32f10x_usart.o(i.USART_GetFlagStatus)
    USART_Init                               0x08006b19   Thumb Code   210  stm32f10x_usart.o(i.USART_Init)
    USART_SendData                           0x08006bf1   Thumb Code     8  stm32f10x_usart.o(i.USART_SendData)
    USB_LP_CAN1_RX0_IRQHandler               0x08006bf9   Thumb Code    62  mycan.o(i.USB_LP_CAN1_RX0_IRQHandler)
    UsageFault_Handler                       0x08006c41   Thumb Code     4  stm32f10x_it.o(i.UsageFault_Handler)
    UserADC_Init                             0x08006c45   Thumb Code   226  adc.o(i.UserADC_Init)
    __0vsprintf                              0x08006d35   Thumb Code    30  printfa.o(i.__0vsprintf)
    __1vsprintf                              0x08006d35   Thumb Code     0  printfa.o(i.__0vsprintf)
    __2vsprintf                              0x08006d35   Thumb Code     0  printfa.o(i.__0vsprintf)
    __c89vsprintf                            0x08006d35   Thumb Code     0  printfa.o(i.__0vsprintf)
    vsprintf                                 0x08006d35   Thumb Code     0  printfa.o(i.__0vsprintf)
    __scatterload_copy                       0x08006d59   Thumb Code    14  handlers.o(i.__scatterload_copy)
    __scatterload_null                       0x08006d67   Thumb Code     2  handlers.o(i.__scatterload_null)
    __scatterload_zeroinit                   0x08006d69   Thumb Code    14  handlers.o(i.__scatterload_zeroinit)
    flash_ErasePage                          0x0800760d   Thumb Code    50  flash.o(i.flash_ErasePage)
    flash_WriteHalfWord                      0x08007645   Thumb Code    42  flash.o(i.flash_WriteHalfWord)
    flash_lock                               0x08007689   Thumb Code    14  flash.o(i.flash_lock)
    flash_unlock                             0x0800769d   Thumb Code    26  flash.o(i.flash_unlock)
    get_current_slot                         0x080076c5   Thumb Code    32  ota.o(i.get_current_slot)
    main                                     0x080076f1   Thumb Code    30  main.o(i.main)
    pvPortMalloc                             0x08008051   Thumb Code   208  heap_4.o(i.pvPortMalloc)
    pvTaskIncrementMutexHeldCount            0x08008135   Thumb Code    26  tasks.o(i.pvTaskIncrementMutexHeldCount)
    pxPortInitialiseStack                    0x08008155   Thumb Code    30  port.o(i.pxPortInitialiseStack)
    start_task                               0x08008179   Thumb Code   162  start_task.o(i.start_task)
    user_erase_start                         0x0800827d   Thumb Code    14  user_flash.o(i.user_erase_start)
    user_flash_erase                         0x08008291   Thumb Code    82  user_flash.o(i.user_flash_erase)
    user_flash_write                         0x08008315   Thumb Code   114  user_flash.o(i.user_flash_write)
    user_ledtask                             0x08008391   Thumb Code    48  user_ledtask.o(i.user_ledtask)
    user_temptask                            0x080083c9   Thumb Code   194  user_temp.o(i.user_temptask)
    uxListRemove                             0x080084dd   Thumb Code    40  list.o(i.uxListRemove)
    uxTaskGetNumberOfTasks                   0x08008505   Thumb Code     6  tasks.o(i.uxTaskGetNumberOfTasks)
    uxTaskGetStackHighWaterMark              0x08008511   Thumb Code    34  tasks.o(i.uxTaskGetStackHighWaterMark)
    vListInitialise                          0x08008539   Thumb Code    26  list.o(i.vListInitialise)
    vListInitialiseItem                      0x08008553   Thumb Code     6  list.o(i.vListInitialiseItem)
    vListInsert                              0x08008559   Thumb Code    52  list.o(i.vListInsert)
    vListInsertEnd                           0x0800858d   Thumb Code    24  list.o(i.vListInsertEnd)
    vPortEnterCritical                       0x080085a5   Thumb Code    30  port.o(i.vPortEnterCritical)
    vPortExitCritical                        0x080085c9   Thumb Code    28  port.o(i.vPortExitCritical)
    vPortFree                                0x080085e9   Thumb Code    68  heap_4.o(i.vPortFree)
    vPortSetupTimerInterrupt                 0x08008635   Thumb Code    20  port.o(i.vPortSetupTimerInterrupt)
    vQueueWaitForMessageRestricted           0x0800864d   Thumb Code    74  queue.o(i.vQueueWaitForMessageRestricted)
    vTaskDelay                               0x08008699   Thumb Code    46  tasks.o(i.vTaskDelay)
    vTaskDelete                              0x080086cd   Thumb Code   174  tasks.o(i.vTaskDelete)
    vTaskInternalSetTimeOutState             0x080087a1   Thumb Code    14  tasks.o(i.vTaskInternalSetTimeOutState)
    vTaskMissedYield                         0x080087b9   Thumb Code     8  tasks.o(i.vTaskMissedYield)
    vTaskPlaceOnEventList                    0x080087c5   Thumb Code    28  tasks.o(i.vTaskPlaceOnEventList)
    vTaskPlaceOnEventListRestricted          0x080087e5   Thumb Code    70  tasks.o(i.vTaskPlaceOnEventListRestricted)
    vTaskPriorityDisinheritAfterTimeout      0x08008831   Thumb Code   204  tasks.o(i.vTaskPriorityDisinheritAfterTimeout)
    vTaskStartScheduler                      0x08008905   Thumb Code    86  tasks.o(i.vTaskStartScheduler)
    vTaskSuspendAll                          0x0800897d   Thumb Code    12  tasks.o(i.vTaskSuspendAll)
    vTaskSwitchContext                       0x0800898d   Thumb Code    76  tasks.o(i.vTaskSwitchContext)
    xPortStartScheduler                      0x080089ed   Thumb Code    42  port.o(i.xPortStartScheduler)
    xQueueCreateMutex                        0x08008a21   Thumb Code    34  queue.o(i.xQueueCreateMutex)
    xQueueGenericCreate                      0x08008a43   Thumb Code    76  queue.o(i.xQueueGenericCreate)
    xQueueGenericReset                       0x08008a91   Thumb Code   156  queue.o(i.xQueueGenericReset)
    xQueueGenericSend                        0x08008b31   Thumb Code   276  queue.o(i.xQueueGenericSend)
    xQueueGenericSendFromISR                 0x08008c49   Thumb Code   152  queue.o(i.xQueueGenericSendFromISR)
    xQueueReceive                            0x08008ce1   Thumb Code   256  queue.o(i.xQueueReceive)
    xQueueSemaphoreTake                      0x08008de5   Thumb Code   300  queue.o(i.xQueueSemaphoreTake)
    xTaskCheckForTimeOut                     0x08008f15   Thumb Code    88  tasks.o(i.xTaskCheckForTimeOut)
    xTaskCreate                              0x08008f75   Thumb Code   104  tasks.o(i.xTaskCreate)
    xTaskGetTickCount                        0x08008fdd   Thumb Code     6  tasks.o(i.xTaskGetTickCount)
    xTaskIncrementTick                       0x08008fe9   Thumb Code   356  tasks.o(i.xTaskIncrementTick)
    xTaskPriorityDisinherit                  0x08009179   Thumb Code   162  tasks.o(i.xTaskPriorityDisinherit)
    xTaskPriorityInherit                     0x08009225   Thumb Code   224  tasks.o(i.xTaskPriorityInherit)
    xTaskRemoveFromEventList                 0x08009311   Thumb Code   240  tasks.o(i.xTaskRemoveFromEventList)
    xTaskResumeAll                           0x08009419   Thumb Code   310  tasks.o(i.xTaskResumeAll)
    xTimerCreateTimerTask                    0x08009575   Thumb Code    40  timers.o(i.xTimerCreateTimerTask)
    Region$$Table$$Base                      0x080095b0   Number         0  anon$$obj.o(Region$$Table)
    Region$$Table$$Limit                     0x080095d0   Number         0  anon$$obj.o(Region$$Table)
    pxCurrentTCB                             0x20000014   Data           4  tasks.o(.data)
    uxTopUsedPriority                        0x2000004c   Data           4  tasks.o(.data)
    OTA_Queue                                0x20000088   Data           4  start_task.o(.data)
    Job_Queue                                0x2000008c   Data           4  start_task.o(.data)
    PrintfMutex                              0x20000090   Data           4  start_task.o(.data)
    file_size                                0x20000094   Data           4  user_task1.o(.data)
    status                                   0x200000a0   Data           1  can_tp.o(.data)
    Recv_len                                 0x200000a4   Data           4  can_tp.o(.data)
    copy_len                                 0x200000a8   Data           4  can_tp.o(.data)
    move_addr                                0x200000ac   Data           4  user_flash.o(.data)
    target_addr                              0x200000b0   Data           4  user_flash.o(.data)
    led_flag                                 0x200000c2   Data           1  user_ledtask.o(.data)
    OTA_MsgCmd                               0x200045b4   Data         520  user_task1.o(.bss)
    Job_Send                                 0x200047bc   Data         520  user_task1.o(.bss)
    Job_Recv                                 0x200049c4   Data         520  user_task2.o(.bss)
    RxMsg                                    0x20004bcc   Data          20  mycan.o(.bss)
    cmd_Msg                                  0x20004be0   Data         520  mycan.o(.bss)
    DMA_Buf                                  0x20004de8   Data         256  adc.o(.bss)
    OTA_Msg                                  0x200050e8   Data         520  can_tp.o(.bss)
    __initial_sp                             0x200057f0   Data           0  startup_stm32f10x_hd.o(STACK)



==============================================================================

Memory Map of the image

  Image Entry point : 0x08005131

  Load Region LR_IROM1 (Base: 0x08005000, Size: 0x00004694, Max: 0x00080000, ABSOLUTE)

    Execution Region ER_IROM1 (Exec base: 0x08005000, Load base: 0x08005000, Size: 0x000045d0, Max: 0x00080000, ABSOLUTE)

    Exec Addr    Load Addr    Size         Type   Attr      Idx    E Section Name        Object

    0x08005000   0x08005000   0x00000130   Data   RO            3    RESET               startup_stm32f10x_hd.o
    0x08005130   0x08005130   0x00000000   Code   RO         4646  * .ARM.Collect$$$$00000000  mc_w.l(entry.o)
    0x08005130   0x08005130   0x00000004   Code   RO         4697    .ARM.Collect$$$$00000001  mc_w.l(entry2.o)
    0x08005134   0x08005134   0x00000004   Code   RO         4700    .ARM.Collect$$$$00000004  mc_w.l(entry5.o)
    0x08005138   0x08005138   0x00000000   Code   RO         4702    .ARM.Collect$$$$00000008  mc_w.l(entry7b.o)
    0x08005138   0x08005138   0x00000000   Code   RO         4704    .ARM.Collect$$$$0000000A  mc_w.l(entry8b.o)
    0x08005138   0x08005138   0x00000008   Code   RO         4705    .ARM.Collect$$$$0000000B  mc_w.l(entry9a.o)
    0x08005140   0x08005140   0x00000004   Code   RO         4712    .ARM.Collect$$$$0000000E  mc_w.l(entry12b.o)
    0x08005144   0x08005144   0x00000000   Code   RO         4707    .ARM.Collect$$$$0000000F  mc_w.l(entry10a.o)
    0x08005144   0x08005144   0x00000000   Code   RO         4709    .ARM.Collect$$$$00000011  mc_w.l(entry11a.o)
    0x08005144   0x08005144   0x00000004   Code   RO         4698    .ARM.Collect$$$$00002712  mc_w.l(entry2.o)
    0x08005148   0x08005148   0x00000096   Code   RO         3788    .emb_text           port.o
    0x080051de   0x080051de   0x00000002   PAD
    0x080051e0   0x080051e0   0x00000024   Code   RO            4    .text               startup_stm32f10x_hd.o
    0x08005204   0x08005204   0x00000024   Code   RO         4649    .text               mc_w.l(memcpya.o)
    0x08005228   0x08005228   0x00000024   Code   RO         4651    .text               mc_w.l(memseta.o)
    0x0800524c   0x0800524c   0x000000b0   Code   RO         4687    .text               mf_w.l(fadd.o)
    0x080052fc   0x080052fc   0x00000064   Code   RO         4689    .text               mf_w.l(fmul.o)
    0x08005360   0x08005360   0x0000007c   Code   RO         4691    .text               mf_w.l(fdiv.o)
    0x080053dc   0x080053dc   0x0000000a   Code   RO         4693    .text               mf_w.l(ffltui.o)
    0x080053e6   0x080053e6   0x00000026   Code   RO         4695    .text               mf_w.l(f2d.o)
    0x0800540c   0x0800540c   0x0000002c   Code   RO         4714    .text               mc_w.l(uidiv.o)
    0x08005438   0x08005438   0x00000062   Code   RO         4716    .text               mc_w.l(uldiv.o)
    0x0800549a   0x0800549a   0x00000000   Code   RO         4727    .text               mc_w.l(iusefp.o)
    0x0800549a   0x0800549a   0x0000006e   Code   RO         4728    .text               mf_w.l(fepilogue.o)
    0x08005508   0x08005508   0x0000014e   Code   RO         4730    .text               mf_w.l(dadd.o)
    0x08005656   0x08005656   0x000000e4   Code   RO         4732    .text               mf_w.l(dmul.o)
    0x0800573a   0x0800573a   0x000000de   Code   RO         4734    .text               mf_w.l(ddiv.o)
    0x08005818   0x08005818   0x00000030   Code   RO         4736    .text               mf_w.l(dfixul.o)
    0x08005848   0x08005848   0x00000030   Code   RO         4738    .text               mf_w.l(cdrcmple.o)
    0x08005878   0x08005878   0x00000024   Code   RO         4740    .text               mc_w.l(init.o)
    0x0800589c   0x0800589c   0x0000001e   Code   RO         4742    .text               mc_w.l(llshl.o)
    0x080058ba   0x080058ba   0x00000020   Code   RO         4744    .text               mc_w.l(llushr.o)
    0x080058da   0x080058da   0x00000024   Code   RO         4746    .text               mc_w.l(llsshr.o)
    0x080058fe   0x080058fe   0x000000ba   Code   RO         4778    .text               mf_w.l(depilogue.o)
    0x080059b8   0x080059b8   0x00000016   Code   RO          298    i.ADC_Cmd           stm32f10x_adc.o
    0x080059ce   0x080059ce   0x00000016   Code   RO          299    i.ADC_DMACmd        stm32f10x_adc.o
    0x080059e4   0x080059e4   0x00000014   Code   RO          306    i.ADC_GetCalibrationStatus  stm32f10x_adc.o
    0x080059f8   0x080059f8   0x00000014   Code   RO          312    i.ADC_GetResetCalibrationStatus  stm32f10x_adc.o
    0x08005a0c   0x08005a0c   0x00000050   Code   RO          316    i.ADC_Init          stm32f10x_adc.o
    0x08005a5c   0x08005a5c   0x000000b8   Code   RO          320    i.ADC_RegularChannelConfig  stm32f10x_adc.o
    0x08005b14   0x08005b14   0x0000000a   Code   RO          321    i.ADC_ResetCalibration  stm32f10x_adc.o
    0x08005b1e   0x08005b1e   0x00000016   Code   RO          323    i.ADC_SoftwareStartConvCmd  stm32f10x_adc.o
    0x08005b34   0x08005b34   0x0000000a   Code   RO          325    i.ADC_StartCalibration  stm32f10x_adc.o
    0x08005b3e   0x08005b3e   0x00000002   PAD
    0x08005b40   0x08005b40   0x00000024   Code   RO          327    i.ADC_TempSensorVrefintCmd  stm32f10x_adc.o
    0x08005b64   0x08005b64   0x00000004   Code   RO          167    i.BusFault_Handler  stm32f10x_it.o
    0x08005b68   0x08005b68   0x00000108   Code   RO          598    i.CAN_FilterInit    stm32f10x_can.o
    0x08005c70   0x08005c70   0x00000120   Code   RO          600    i.CAN_GetITStatus   stm32f10x_can.o
    0x08005d90   0x08005d90   0x00000012   Code   RO          604    i.CAN_ITConfig      stm32f10x_can.o
    0x08005da2   0x08005da2   0x00000114   Code   RO          605    i.CAN_Init          stm32f10x_can.o
    0x08005eb6   0x08005eb6   0x0000001e   Code   RO          606    i.CAN_MessagePending  stm32f10x_can.o
    0x08005ed4   0x08005ed4   0x000000f0   Code   RO          608    i.CAN_Receive       stm32f10x_can.o
    0x08005fc4   0x08005fc4   0x000001e8   Code   RO         4235    i.CAN_TP_Recv       can_tp.o
    0x080061ac   0x080061ac   0x00000012   Code   RO          616    i.CheckITStatus     stm32f10x_can.o
    0x080061be   0x080061be   0x00000018   Code   RO          959    i.DMA_Cmd           stm32f10x_dma.o
    0x080061d6   0x080061d6   0x0000003c   Code   RO          965    i.DMA_Init          stm32f10x_dma.o
    0x08006212   0x08006212   0x00000002   Code   RO          168    i.DebugMon_Handler  stm32f10x_it.o
    0x08006214   0x08006214   0x0000003c   Code   RO         4157    i.Flash_Write_Task  user_task2.o
    0x08006250   0x08006250   0x00000116   Code   RO         1209    i.GPIO_Init         stm32f10x_gpio.o
    0x08006366   0x08006366   0x00000004   Code   RO         1216    i.GPIO_ResetBits    stm32f10x_gpio.o
    0x0800636a   0x0800636a   0x00000004   Code   RO         1217    i.GPIO_SetBits      stm32f10x_gpio.o
    0x0800636e   0x0800636e   0x00000004   Code   RO          169    i.HardFault_Handler  stm32f10x_it.o
    0x08006372   0x08006372   0x00000002   PAD
    0x08006374   0x08006374   0x0000002c   Code   RO         4328    i.KEY_Init          key.o
    0x080063a0   0x080063a0   0x0000002c   Code   RO         4619    i.Led_Init          led.o
    0x080063cc   0x080063cc   0x00000004   Code   RO          170    i.MemManage_Handler  stm32f10x_it.o
    0x080063d0   0x080063d0   0x00000020   Code   RO         4173    i.MyCAN_Receive     mycan.o
    0x080063f0   0x080063f0   0x000000f4   Code   RO         4176    i.MyCan_Init        mycan.o
    0x080064e4   0x080064e4   0x00000002   Code   RO          171    i.NMI_Handler       stm32f10x_it.o
    0x080064e6   0x080064e6   0x00000002   PAD
    0x080064e8   0x080064e8   0x00000070   Code   RO          256    i.NVIC_Init         misc.o
    0x08006558   0x08006558   0x00000014   Code   RO          257    i.NVIC_PriorityGroupConfig  misc.o
    0x0800656c   0x0800656c   0x0000003c   Code   RO         4346    i.OTA_Calculate_CRC32  ota.o
    0x080065a8   0x080065a8   0x00000164   Code   RO         4122    i.Protocol_Task     user_task1.o
    0x0800670c   0x0800670c   0x00000018   Code   RO         1623    i.RCC_ADCCLKConfig  stm32f10x_rcc.o
    0x08006724   0x08006724   0x00000020   Code   RO         1624    i.RCC_AHBPeriphClockCmd  stm32f10x_rcc.o
    0x08006744   0x08006744   0x00000020   Code   RO         1625    i.RCC_APB1PeriphClockCmd  stm32f10x_rcc.o
    0x08006764   0x08006764   0x00000020   Code   RO         1627    i.RCC_APB2PeriphClockCmd  stm32f10x_rcc.o
    0x08006784   0x08006784   0x000000d4   Code   RO         1635    i.RCC_GetClocksFreq  stm32f10x_rcc.o
    0x08006858   0x08006858   0x00000090   Code   RO         3984    i.Serial_Init       serial.o
    0x080068e8   0x080068e8   0x00000044   Code   RO         3986    i.Serial_Printf     serial.o
    0x0800692c   0x0800692c   0x00000020   Code   RO         3988    i.Serial_SendByte   serial.o
    0x0800694c   0x0800694c   0x0000001a   Code   RO         3990    i.Serial_SendString  serial.o
    0x08006966   0x08006966   0x00000008   Code   RO          222    i.SetSysClock       system_stm32f10x.o
    0x0800696e   0x0800696e   0x00000002   PAD
    0x08006970   0x08006970   0x000000e0   Code   RO          223    i.SetSysClockTo72   system_stm32f10x.o
    0x08006a50   0x08006a50   0x00000034   Code   RO         3789    i.SysTick_Handler   port.o
    0x08006a84   0x08006a84   0x00000060   Code   RO          225    i.SystemInit        system_stm32f10x.o
    0x08006ae4   0x08006ae4   0x00000018   Code   RO         2609    i.USART_Cmd         stm32f10x_usart.o
    0x08006afc   0x08006afc   0x0000001a   Code   RO         2612    i.USART_GetFlagStatus  stm32f10x_usart.o
    0x08006b16   0x08006b16   0x00000002   PAD
    0x08006b18   0x08006b18   0x000000d8   Code   RO         2616    i.USART_Init        stm32f10x_usart.o
    0x08006bf0   0x08006bf0   0x00000008   Code   RO         2626    i.USART_SendData    stm32f10x_usart.o
    0x08006bf8   0x08006bf8   0x00000048   Code   RO         4177    i.USB_LP_CAN1_RX0_IRQHandler  mycan.o
    0x08006c40   0x08006c40   0x00000004   Code   RO          172    i.UsageFault_Handler  stm32f10x_it.o
    0x08006c44   0x08006c44   0x000000f0   Code   RO         4217    i.UserADC_Init      adc.o
    0x08006d34   0x08006d34   0x00000024   Code   RO         4664    i.__0vsprintf       mc_w.l(printfa.o)
    0x08006d58   0x08006d58   0x0000000e   Code   RO         4784    i.__scatterload_copy  mc_w.l(handlers.o)
    0x08006d66   0x08006d66   0x00000002   Code   RO         4785    i.__scatterload_null  mc_w.l(handlers.o)
    0x08006d68   0x08006d68   0x0000000e   Code   RO         4786    i.__scatterload_zeroinit  mc_w.l(handlers.o)
    0x08006d76   0x08006d76   0x00000002   PAD
    0x08006d78   0x08006d78   0x00000184   Code   RO         4665    i._fp_digits        mc_w.l(printfa.o)
    0x08006efc   0x08006efc   0x000006b4   Code   RO         4666    i._printf_core      mc_w.l(printfa.o)
    0x080075b0   0x080075b0   0x00000024   Code   RO         4667    i._printf_post_padding  mc_w.l(printfa.o)
    0x080075d4   0x080075d4   0x0000002e   Code   RO         4668    i._printf_pre_padding  mc_w.l(printfa.o)
    0x08007602   0x08007602   0x0000000a   Code   RO         4670    i._sputc            mc_w.l(printfa.o)
    0x0800760c   0x0800760c   0x00000038   Code   RO         4275    i.flash_ErasePage   flash.o
    0x08007644   0x08007644   0x00000030   Code   RO         4276    i.flash_WriteHalfWord  flash.o
    0x08007674   0x08007674   0x00000014   Code   RO         4277    i.flash_busy        flash.o
    0x08007688   0x08007688   0x00000014   Code   RO         4278    i.flash_lock        flash.o
    0x0800769c   0x0800769c   0x00000028   Code   RO         4279    i.flash_unlock      flash.o
    0x080076c4   0x080076c4   0x0000002c   Code   RO         4347    i.get_current_slot  ota.o
    0x080076f0   0x080076f0   0x00000030   Code   RO           10    i.main              main.o
    0x08007720   0x08007720   0x000000c0   Code   RO         3299    i.prvAddCurrentTaskToDelayedList  tasks.o
    0x080077e0   0x080077e0   0x000000e4   Code   RO         3300    i.prvAddNewTaskToReadyList  tasks.o
    0x080078c4   0x080078c4   0x0000004c   Code   RO         3644    i.prvCheckForValidListAndQueue  timers.o
    0x08007910   0x08007910   0x00000048   Code   RO         3301    i.prvCheckTasksWaitingTermination  tasks.o
    0x08007958   0x08007958   0x0000002a   Code   RO         2979    i.prvCopyDataFromQueue  queue.o
    0x08007982   0x08007982   0x0000007e   Code   RO         2980    i.prvCopyDataToQueue  queue.o
    0x08007a00   0x08007a00   0x00000012   Code   RO         3302    i.prvDeleteTCB      tasks.o
    0x08007a12   0x08007a12   0x00000014   Code   RO         2981    i.prvGetDisinheritPriorityAfterTimeout  queue.o
    0x08007a26   0x08007a26   0x00000002   PAD
    0x08007a28   0x08007a28   0x00000028   Code   RO         3645    i.prvGetNextExpireTime  timers.o
    0x08007a50   0x08007a50   0x00000070   Code   RO         3859    i.prvHeapInit       heap_4.o
    0x08007ac0   0x08007ac0   0x00000028   Code   RO         3303    i.prvIdleTask       tasks.o
    0x08007ae8   0x08007ae8   0x0000001e   Code   RO         2982    i.prvInitialiseMutex  queue.o
    0x08007b06   0x08007b06   0x00000026   Code   RO         2983    i.prvInitialiseNewQueue  queue.o
    0x08007b2c   0x08007b2c   0x00000086   Code   RO         3304    i.prvInitialiseNewTask  tasks.o
    0x08007bb2   0x08007bb2   0x00000002   PAD
    0x08007bb4   0x08007bb4   0x00000068   Code   RO         3305    i.prvInitialiseTaskLists  tasks.o
    0x08007c1c   0x08007c1c   0x00000068   Code   RO         3860    i.prvInsertBlockIntoFreeList  heap_4.o
    0x08007c84   0x08007c84   0x00000058   Code   RO         3647    i.prvInsertTimerInActiveList  timers.o
    0x08007cdc   0x08007cdc   0x0000001a   Code   RO         2984    i.prvIsQueueEmpty   queue.o
    0x08007cf6   0x08007cf6   0x0000001e   Code   RO         2985    i.prvIsQueueFull    queue.o
    0x08007d14   0x08007d14   0x00000044   Code   RO         3648    i.prvProcessExpiredTimer  timers.o
    0x08007d58   0x08007d58   0x000000f8   Code   RO         3649    i.prvProcessReceivedCommands  timers.o
    0x08007e50   0x08007e50   0x00000074   Code   RO         3650    i.prvProcessTimerOrBlockTask  timers.o
    0x08007ec4   0x08007ec4   0x00000028   Code   RO         3651    i.prvReloadTimer    timers.o
    0x08007eec   0x08007eec   0x00000030   Code   RO         3306    i.prvResetNextTaskUnblockTime  tasks.o
    0x08007f1c   0x08007f1c   0x0000002c   Code   RO         3652    i.prvSampleTimeNow  timers.o
    0x08007f48   0x08007f48   0x00000044   Code   RO         3653    i.prvSwitchTimerLists  timers.o
    0x08007f8c   0x08007f8c   0x00000016   Code   RO         3307    i.prvTaskCheckFreeStackSpace  tasks.o
    0x08007fa2   0x08007fa2   0x00000016   Code   RO         3790    i.prvTaskExitError  port.o
    0x08007fb8   0x08007fb8   0x0000001a   Code   RO         3654    i.prvTimerTask      timers.o
    0x08007fd2   0x08007fd2   0x0000007e   Code   RO         2986    i.prvUnlockQueue    queue.o
    0x08008050   0x08008050   0x000000e4   Code   RO         3862    i.pvPortMalloc      heap_4.o
    0x08008134   0x08008134   0x00000020   Code   RO         3309    i.pvTaskIncrementMutexHeldCount  tasks.o
    0x08008154   0x08008154   0x00000024   Code   RO         3791    i.pxPortInitialiseStack  port.o
    0x08008178   0x08008178   0x00000104   Code   RO         4070    i.start_task        start_task.o
    0x0800827c   0x0800827c   0x00000014   Code   RO         4435    i.user_erase_start  user_flash.o
    0x08008290   0x08008290   0x00000084   Code   RO         4436    i.user_flash_erase  user_flash.o
    0x08008314   0x08008314   0x0000007c   Code   RO         4437    i.user_flash_write  user_flash.o
    0x08008390   0x08008390   0x00000038   Code   RO         4631    i.user_ledtask      user_ledtask.o
    0x080083c8   0x080083c8   0x00000114   Code   RO         4604    i.user_temptask     user_temp.o
    0x080084dc   0x080084dc   0x00000028   Code   RO         2940    i.uxListRemove      list.o
    0x08008504   0x08008504   0x0000000c   Code   RO         3312    i.uxTaskGetNumberOfTasks  tasks.o
    0x08008510   0x08008510   0x00000028   Code   RO         3313    i.uxTaskGetStackHighWaterMark  tasks.o
    0x08008538   0x08008538   0x0000001a   Code   RO         2941    i.vListInitialise   list.o
    0x08008552   0x08008552   0x00000006   Code   RO         2942    i.vListInitialiseItem  list.o
    0x08008558   0x08008558   0x00000034   Code   RO         2943    i.vListInsert       list.o
    0x0800858c   0x0800858c   0x00000018   Code   RO         2944    i.vListInsertEnd    list.o
    0x080085a4   0x080085a4   0x00000024   Code   RO         3793    i.vPortEnterCritical  port.o
    0x080085c8   0x080085c8   0x00000020   Code   RO         3794    i.vPortExitCritical  port.o
    0x080085e8   0x080085e8   0x0000004c   Code   RO         3863    i.vPortFree         heap_4.o
    0x08008634   0x08008634   0x00000018   Code   RO         3795    i.vPortSetupTimerInterrupt  port.o
    0x0800864c   0x0800864c   0x0000004a   Code   RO         2991    i.vQueueWaitForMessageRestricted  queue.o
    0x08008696   0x08008696   0x00000002   PAD
    0x08008698   0x08008698   0x00000034   Code   RO         3317    i.vTaskDelay        tasks.o
    0x080086cc   0x080086cc   0x000000d4   Code   RO         3318    i.vTaskDelete       tasks.o
    0x080087a0   0x080087a0   0x00000018   Code   RO         3321    i.vTaskInternalSetTimeOutState  tasks.o
    0x080087b8   0x080087b8   0x0000000c   Code   RO         3322    i.vTaskMissedYield  tasks.o
    0x080087c4   0x080087c4   0x00000020   Code   RO         3323    i.vTaskPlaceOnEventList  tasks.o
    0x080087e4   0x080087e4   0x0000004c   Code   RO         3324    i.vTaskPlaceOnEventListRestricted  tasks.o
    0x08008830   0x08008830   0x000000d4   Code   RO         3326    i.vTaskPriorityDisinheritAfterTimeout  tasks.o
    0x08008904   0x08008904   0x00000078   Code   RO         3331    i.vTaskStartScheduler  tasks.o
    0x0800897c   0x0800897c   0x00000010   Code   RO         3333    i.vTaskSuspendAll   tasks.o
    0x0800898c   0x0800898c   0x00000060   Code   RO         3334    i.vTaskSwitchContext  tasks.o
    0x080089ec   0x080089ec   0x00000034   Code   RO         3796    i.xPortStartScheduler  port.o
    0x08008a20   0x08008a20   0x00000022   Code   RO         2993    i.xQueueCreateMutex  queue.o
    0x08008a42   0x08008a42   0x0000004c   Code   RO         2994    i.xQueueGenericCreate  queue.o
    0x08008a8e   0x08008a8e   0x00000002   PAD
    0x08008a90   0x08008a90   0x000000a0   Code   RO         2995    i.xQueueGenericReset  queue.o
    0x08008b30   0x08008b30   0x00000118   Code   RO         2996    i.xQueueGenericSend  queue.o
    0x08008c48   0x08008c48   0x00000098   Code   RO         2997    i.xQueueGenericSendFromISR  queue.o
    0x08008ce0   0x08008ce0   0x00000104   Code   RO         3004    i.xQueueReceive     queue.o
    0x08008de4   0x08008de4   0x00000130   Code   RO         3006    i.xQueueSemaphoreTake  queue.o
    0x08008f14   0x08008f14   0x00000060   Code   RO         3336    i.xTaskCheckForTimeOut  tasks.o
    0x08008f74   0x08008f74   0x00000068   Code   RO         3337    i.xTaskCreate       tasks.o
    0x08008fdc   0x08008fdc   0x0000000c   Code   RO         3345    i.xTaskGetTickCount  tasks.o
    0x08008fe8   0x08008fe8   0x00000190   Code   RO         3347    i.xTaskIncrementTick  tasks.o
    0x08009178   0x08009178   0x000000ac   Code   RO         3348    i.xTaskPriorityDisinherit  tasks.o
    0x08009224   0x08009224   0x000000ec   Code   RO         3349    i.xTaskPriorityInherit  tasks.o
    0x08009310   0x08009310   0x00000108   Code   RO         3350    i.xTaskRemoveFromEventList  tasks.o
    0x08009418   0x08009418   0x0000015c   Code   RO         3351    i.xTaskResumeAll    tasks.o
    0x08009574   0x08009574   0x0000003c   Code   RO         3660    i.xTimerCreateTimerTask  timers.o
    0x080095b0   0x080095b0   0x00000020   Data   RO         4782    Region$$Table       anon$$obj.o


    Execution Region RW_IRAM1 (Exec base: 0x20000000, Load base: 0x080095d0, Size: 0x000057f0, Max: 0x00010000, ABSOLUTE)

    Exec Addr    Load Addr    Size         Type   Attr      Idx    E Section Name        Object

    0x20000000   0x080095d0   0x00000014   Data   RW         1655    .data               stm32f10x_rcc.o
    0x20000014   0x080095e4   0x00000040   Data   RW         3354    .data               tasks.o
    0x20000054   0x08009624   0x00000014   Data   RW         3668    .data               timers.o
    0x20000068   0x08009638   0x00000004   Data   RW         3797    .data               port.o
    0x2000006c   0x0800963c   0x0000001c   Data   RW         3869    .data               heap_4.o
    0x20000088   0x08009658   0x0000000c   Data   RW         4071    .data               start_task.o
    0x20000094   0x08009664   0x00000004   Data   RW         4124    .data               user_task1.o
    0x20000098   0x08009668   0x00000014   Data   RW         4237    .data               can_tp.o
    0x200000ac   0x0800967c   0x00000008   Data   RW         4438    .data               user_flash.o
    0x200000b4   0x08009684   0x0000000e   Data   RW         4606    .data               user_temp.o
    0x200000c2   0x08009692   0x00000001   Data   RW         4632    .data               user_ledtask.o
    0x200000c3   0x08009693   0x00000001   PAD
    0x200000c4        -       0x000000c8   Zero   RW         3353    .bss                tasks.o
    0x2000018c        -       0x00000028   Zero   RW         3667    .bss                timers.o
    0x200001b4        -       0x00004400   Zero   RW         3868    .bss                heap_4.o
    0x200045b4        -       0x00000410   Zero   RW         4123    .bss                user_task1.o
    0x200049c4        -       0x00000208   Zero   RW         4158    .bss                user_task2.o
    0x20004bcc        -       0x0000021c   Zero   RW         4178    .bss                mycan.o
    0x20004de8        -       0x00000100   Zero   RW         4218    .bss                adc.o
    0x20004ee8        -       0x00000408   Zero   RW         4236    .bss                can_tp.o
    0x200052f0        -       0x00000100   Zero   RW         4605    .bss                user_temp.o
    0x200053f0        -       0x00000400   Zero   RW            1    STACK               startup_stm32f10x_hd.o


==============================================================================

Image component sizes


      Code (inc. data)   RO Data    RW Data    ZI Data      Debug   Object Name

       240         14          0          0        256       1069   adc.o
       488         36          0         20       1032       2485   can_tp.o
         0          0          0          0          0      14540   event_groups.o
       184         36          0          0          0       2152   flash.o
       520         58          0         28      17408       4535   heap_4.o
        44          6          0          0          0        439   key.o
        44          6          0          0          0        435   led.o
       148          0          0          0          0       2990   list.o
        48         18          0          0          0     278767   main.o
       132         22          0          0          0       1607   misc.o
       348         26          0          0        540       2363   mycan.o
       104         18          0          0          0       1113   ota.o
       404         48          0          4          0       8884   port.o
      1778         16          0          0          0      16397   queue.o
       270         20          0          0          0       2676   serial.o
       260         98          0         12          0       1545   start_task.o
        36          8        304          0       1024        844   startup_stm32f10x_hd.o
       426         16          0          0          0       8156   stm32f10x_adc.o
      1134         10          0          0          0       5824   stm32f10x_can.o
        84          0          0          0          0       2849   stm32f10x_dma.o
       286          0          0          0          0       3124   stm32f10x_gpio.o
        20          0          0          0          0       2449   stm32f10x_it.o
       332         44          0         20          0       5677   stm32f10x_rcc.o
       274          6          0          0          0       4132   stm32f10x_usart.o
       328         30          0          0          0       1873   system_stm32f10x.o
      3426        412          0         64        200      34793   tasks.o
       874        100          0         20         40      10248   timers.o
       276         66          0          8          0       2233   user_flash.o
        56          8          0          1          0        690   user_ledtask.o
       356        128          0          4       1040      16123   user_task1.o
        60         10          0          0        520        706   user_task2.o
       276         82          0         14        256       1056   user_temp.o

    ----------------------------------------------------------------------
     13276       1342        336        196      22316     442774   Object Totals
         0          0         32          0          0          0   (incl. Generated)
        20          0          0          1          0          0   (incl. Padding)

    ----------------------------------------------------------------------

      Code (inc. data)   RO Data    RW Data    ZI Data      Debug   Library Member Name

         0          0          0          0          0          0   entry.o
         0          0          0          0          0          0   entry10a.o
         0          0          0          0          0          0   entry11a.o
         4          0          0          0          0          0   entry12b.o
         8          4          0          0          0          0   entry2.o
         4          0          0          0          0          0   entry5.o
         0          0          0          0          0          0   entry7b.o
         0          0          0          0          0          0   entry8b.o
         8          4          0          0          0          0   entry9a.o
        30          0          0          0          0          0   handlers.o
        36          8          0          0          0         68   init.o
         0          0          0          0          0          0   iusefp.o
        30          0          0          0          0         68   llshl.o
        36          0          0          0          0         68   llsshr.o
        32          0          0          0          0         68   llushr.o
        36          0          0          0          0         68   memcpya.o
        36          0          0          0          0        108   memseta.o
      2232         86          0          0          0        528   printfa.o
        44          0          0          0          0         80   uidiv.o
        98          0          0          0          0         92   uldiv.o
        48          0          0          0          0         68   cdrcmple.o
       334          0          0          0          0        148   dadd.o
       222          0          0          0          0        100   ddiv.o
       186          0          0          0          0        176   depilogue.o
        48          0          0          0          0         68   dfixul.o
       228          0          0          0          0         96   dmul.o
        38          0          0          0          0         68   f2d.o
       176          0          0          0          0        140   fadd.o
       124          0          0          0          0         88   fdiv.o
       110          0          0          0          0        168   fepilogue.o
        10          0          0          0          0         68   ffltui.o
       100          0          0          0          0         76   fmul.o

    ----------------------------------------------------------------------
      4260        102          0          0          0       2412   Library Totals
         2          0          0          0          0          0   (incl. Padding)

    ----------------------------------------------------------------------

      Code (inc. data)   RO Data    RW Data    ZI Data      Debug   Library Name

      2634        102          0          0          0       1148   mc_w.l
      1624          0          0          0          0       1264   mf_w.l

    ----------------------------------------------------------------------
      4260        102          0          0          0       2412   Library Totals

    ----------------------------------------------------------------------

==============================================================================


      Code (inc. data)   RO Data    RW Data    ZI Data      Debug   

     17536       1444        336        196      22316     436914   Grand Totals
     17536       1444        336        196      22316     436914   ELF Image Totals
     17536       1444        336        196          0          0   ROM Totals

==============================================================================

    Total RO  Size (Code + RO Data)                17872 (  17.45kB)
    Total RW  Size (RW Data + ZI Data)             22512 (  21.98kB)
    Total ROM Size (Code + RO Data + RW Data)      18068 (  17.64kB)

==============================================================================

