<html>
<body>
<pre>
<h1>礦ision Build Log</h1>
<h2>Tool Versions:</h2>
IDE-Version: μVision V5.36.0.0
Copyright (C) 2021 ARM Ltd and ARM Germany GmbH. All rights reserved.
License Information: 1 k20050225@outlook.com, 1, LIC=76F5U-SI4X6-QD5KD-8482L-TD5A4-8UKSR
 
Tool Versions:
Toolchain:       MDK-ARM Plus  Version: 5.36.0.0
Toolchain Path:  D:\keil5\ARM\ARMCC\Bin
C Compiler:      Armcc.exe V5.06 update 7 (build 960)
Assembler:       Armasm.exe V5.06 update 7 (build 960)
Linker/Locator:  ArmLink.exe V5.06 update 7 (build 960)
Library Manager: ArmAr.exe V5.06 update 7 (build 960)
Hex Converter:   FromElf.exe V5.06 update 7 (build 960)
CPU DLL:         SARMCM3.DLL V5.36.0.0
Dialog DLL:      DCM.DLL V1.17.3.0
Target DLL:      STLink\ST-LINKIII-KEIL_SWO.dll V3.0.9.0
Dialog DLL:      TCM.DLL V1.53.0.0
 
<h2>Project:</h2>
D:\CODE\keil_std\18FreeRTOS项目\Project\STM32.uvprojx
Project File Date:  02/04/2026

<h2>Output:</h2>
*** Using Compiler 'V5.06 update 7 (build 960)', folder: 'D:\keil5\ARM\ARMCC\Bin'
Build target 'Target 1'
compiling user_ledtask.c...
Warning: C3910W: Old syntax, please use '--c99'.
..\BSP\user_ledtask.h(8): warning:  #1-D: last line of file ends without a newline
  #endif
..\BSP\user_ledtask.c(22): warning:  #1-D: last line of file ends without a newline
  }
..\BSP\user_ledtask.c: 2 warnings, 0 errors
compiling start_task.c...
Warning: C3910W: Old syntax, please use '--c99'.
..\BSP\start_task.h(18): warning:  #1-D: last line of file ends without a newline
  #endif
..\BSP\user_task1.h(11): warning:  #1-D: last line of file ends without a newline
  #endif
..\BSP\user_task2.h(13): warning:  #1-D: last line of file ends without a newline
  #endif
..\BSP\CAN_Tp.h(47): warning:  #1-D: last line of file ends without a newline
  #endif
..\BSP\MyCan.h(20): warning:  #1-D: last line of file ends without a newline
  #endif
..\BSP\key.h(9): warning:  #1-D: last line of file ends without a newline
  #endif
..\BSP\adc.h(8): warning:  #1-D: last line of file ends without a newline
  #endif
..\BSP\user_temp.h(10): warning:  #1-D: last line of file ends without a newline
  #endif
..\BSP\led.h(7): warning:  #1-D: last line of file ends without a newline
  #endif
..\BSP\user_ledtask.h(8): warning:  #1-D: last line of file ends without a newline
  #endif
..\BSP\start_task.c(41): warning:  #1-D: last line of file ends without a newline
  }
..\BSP\start_task.c: 11 warnings, 0 errors
linking...
Program Size: Code=17536 RO-data=336 RW-data=196 ZI-data=22316  
FromELF: creating hex file...
After Build - User command #2: fromelf.exe --bin -o "D:\CODE\keil_std\18FreeRTOS项目\Project\Objects\STM32.bin" "D:\CODE\keil_std\18FreeRTOS项目\Project\Objects\STM32.axf"
".\Objects\STM32.axf" - 0 Error(s), 15 Warning(s).

<h2>Software Packages used:</h2>

Package Vendor: Keil
                https://www.keil.com/pack/Keil.STM32F1xx_DFP.2.4.1.pack
                Keil.STM32F1xx_DFP.2.4.1
                STMicroelectronics STM32F1 Series Device Support, Drivers and Examples

<h2>Collection of Component include folders:</h2>
  D:\keil5\Keil\STM32F1xx_DFP\2.4.1\Device\Include

<h2>Collection of Component Files used:</h2>
Build Time Elapsed:  00:00:02
</pre>
</body>
</html>
